[2025-11-14T18:11:02.262+0000] {local_task_job_runner.py:120} INFO - ::group::Pre task execution logs
[2025-11-14T18:11:02.295+0000] {taskinstance.py:2076} INFO - Dependencies all met for dep_context=non-requeueable deps ti=<TaskInstance: first_dag.print_goodbye scheduled__2025-11-13T00:00:00+00:00 [queued]>
[2025-11-14T18:11:02.302+0000] {taskinstance.py:2076} INFO - Dependencies all met for dep_context=requeueable deps ti=<TaskInstance: first_dag.print_goodbye scheduled__2025-11-13T00:00:00+00:00 [queued]>
[2025-11-14T18:11:02.302+0000] {taskinstance.py:2306} INFO - Starting attempt 1 of 2
[2025-11-14T18:11:02.315+0000] {taskinstance.py:2330} INFO - Executing <Task(BashOperator): print_goodbye> on 2025-11-13 00:00:00+00:00
[2025-11-14T18:11:02.321+0000] {standard_task_runner.py:90} INFO - Running: ['***', 'tasks', 'run', 'first_dag', 'print_goodbye', 'scheduled__2025-11-13T00:00:00+00:00', '--job-id', '36', '--raw', '--subdir', 'DAGS_FOLDER/first_dag.py', '--cfg-path', '/tmp/tmp2uz4c3pg']
[2025-11-14T18:11:02.323+0000] {standard_task_runner.py:91} INFO - Job 36: Subtask print_goodbye
[2025-11-14T18:11:02.324+0000] {logging_mixin.py:188} WARNING - /home/***/.local/lib/python3.12/site-packages/***/task/task_runner/standard_task_runner.py:62 DeprecationWarning: This process (pid=175) is multi-threaded, use of fork() may lead to deadlocks in the child.
[2025-11-14T18:11:02.325+0000] {standard_task_runner.py:64} INFO - Started process 176 to run task
[2025-11-14T18:11:02.359+0000] {task_command.py:426} INFO - Running <TaskInstance: first_dag.print_goodbye scheduled__2025-11-13T00:00:00+00:00 [running]> on host 20d06d2beb9c
[2025-11-14T18:11:02.423+0000] {taskinstance.py:2648} INFO - Exporting env vars: AIRFLOW_CTX_DAG_OWNER='data_engineer' AIRFLOW_CTX_DAG_ID='first_dag' AIRFLOW_CTX_TASK_ID='print_goodbye' AIRFLOW_CTX_EXECUTION_DATE='2025-11-13T00:00:00+00:00' AIRFLOW_CTX_TRY_NUMBER='1' AIRFLOW_CTX_DAG_RUN_ID='scheduled__2025-11-13T00:00:00+00:00'
[2025-11-14T18:11:02.424+0000] {taskinstance.py:430} INFO - ::endgroup::
[2025-11-14T18:11:02.434+0000] {subprocess.py:63} INFO - Tmp dir root location: /tmp
[2025-11-14T18:11:02.435+0000] {subprocess.py:75} INFO - Running command: ['/usr/bin/bash', '-c', 'echo "Завершение работы DAG!"']
[2025-11-14T18:11:02.443+0000] {subprocess.py:86} INFO - Output:
[2025-11-14T18:11:02.445+0000] {subprocess.py:93} INFO - Завершение работы DAG!
[2025-11-14T18:11:02.445+0000] {subprocess.py:97} INFO - Command exited with return code 0
[2025-11-14T18:11:02.446+0000] {taskinstance.py:441} INFO - ::group::Post task execution logs
[2025-11-14T18:11:02.466+0000] {taskinstance.py:1206} INFO - Marking task as SUCCESS. dag_id=first_dag, task_id=print_goodbye, run_id=scheduled__2025-11-13T00:00:00+00:00, execution_date=20251113T000000, start_date=20251114T181102, end_date=20251114T181102
[2025-11-14T18:11:02.505+0000] {local_task_job_runner.py:243} INFO - Task exited with return code 0
[2025-11-14T18:11:02.520+0000] {taskinstance.py:3503} INFO - 0 downstream tasks scheduled from follow-on schedule check
[2025-11-14T18:11:02.522+0000] {local_task_job_runner.py:222} INFO - ::endgroup::
