[2025-11-09T13:19:36.450+0000] {local_task_job_runner.py:120} INFO - ::group::Pre task execution logs
[2025-11-09T13:19:36.476+0000] {taskinstance.py:2076} INFO - Dependencies all met for dep_context=non-requeueable deps ti=<TaskInstance: first_dag.print_hello manual__2025-11-09T13:19:35.907706+00:00 [queued]>
[2025-11-09T13:19:36.485+0000] {taskinstance.py:2076} INFO - Dependencies all met for dep_context=requeueable deps ti=<TaskInstance: first_dag.print_hello manual__2025-11-09T13:19:35.907706+00:00 [queued]>
[2025-11-09T13:19:36.485+0000] {taskinstance.py:2306} INFO - Starting attempt 1 of 2
[2025-11-09T13:19:36.497+0000] {taskinstance.py:2330} INFO - Executing <Task(BashOperator): print_hello> on 2025-11-09 13:19:35.907706+00:00
[2025-11-09T13:19:36.507+0000] {standard_task_runner.py:90} INFO - Running: ['***', 'tasks', 'run', 'first_dag', 'print_hello', 'manual__2025-11-09T13:19:35.907706+00:00', '--job-id', '17', '--raw', '--subdir', 'DAGS_FOLDER/first_dag.py', '--cfg-path', '/tmp/tmpn8gmqhmh']
[2025-11-09T13:19:36.509+0000] {logging_mixin.py:188} WARNING - /home/***/.local/lib/python3.12/site-packages/***/task/task_runner/standard_task_runner.py:62 DeprecationWarning: This process (pid=178) is multi-threaded, use of fork() may lead to deadlocks in the child.
[2025-11-09T13:19:36.509+0000] {standard_task_runner.py:91} INFO - Job 17: Subtask print_hello
[2025-11-09T13:19:36.510+0000] {standard_task_runner.py:64} INFO - Started process 179 to run task
[2025-11-09T13:19:36.554+0000] {task_command.py:426} INFO - Running <TaskInstance: first_dag.print_hello manual__2025-11-09T13:19:35.907706+00:00 [running]> on host 9a808d1d7509
[2025-11-09T13:19:36.623+0000] {taskinstance.py:2648} INFO - Exporting env vars: AIRFLOW_CTX_DAG_OWNER='data_engineer' AIRFLOW_CTX_DAG_ID='first_dag' AIRFLOW_CTX_TASK_ID='print_hello' AIRFLOW_CTX_EXECUTION_DATE='2025-11-09T13:19:35.907706+00:00' AIRFLOW_CTX_TRY_NUMBER='1' AIRFLOW_CTX_DAG_RUN_ID='manual__2025-11-09T13:19:35.907706+00:00'
[2025-11-09T13:19:36.624+0000] {taskinstance.py:430} INFO - ::endgroup::
[2025-11-09T13:19:36.635+0000] {subprocess.py:63} INFO - Tmp dir root location: /tmp
[2025-11-09T13:19:36.636+0000] {subprocess.py:75} INFO - Running command: ['/usr/bin/bash', '-c', 'echo "Привет от Airflow!"']
[2025-11-09T13:19:36.642+0000] {subprocess.py:86} INFO - Output:
[2025-11-09T13:19:36.644+0000] {subprocess.py:93} INFO - Привет от Airflow!
[2025-11-09T13:19:36.644+0000] {subprocess.py:97} INFO - Command exited with return code 0
[2025-11-09T13:19:36.645+0000] {taskinstance.py:441} INFO - ::group::Post task execution logs
[2025-11-09T13:19:36.666+0000] {taskinstance.py:1206} INFO - Marking task as SUCCESS. dag_id=first_dag, task_id=print_hello, run_id=manual__2025-11-09T13:19:35.907706+00:00, execution_date=20251109T131935, start_date=20251109T131936, end_date=20251109T131936
[2025-11-09T13:19:36.691+0000] {local_task_job_runner.py:243} INFO - Task exited with return code 0
[2025-11-09T13:19:36.717+0000] {taskinstance.py:3503} INFO - 1 downstream tasks scheduled from follow-on schedule check
[2025-11-09T13:19:36.719+0000] {local_task_job_runner.py:222} INFO - ::endgroup::
