[2025-11-09T13:19:07.122+0000] {local_task_job_runner.py:120} INFO - ::group::Pre task execution logs
[2025-11-09T13:19:07.149+0000] {taskinstance.py:2076} INFO - Dependencies all met for dep_context=non-requeueable deps ti=<TaskInstance: first_dag.print_hello scheduled__2025-11-08T00:00:00+00:00 [queued]>
[2025-11-09T13:19:07.157+0000] {taskinstance.py:2076} INFO - Dependencies all met for dep_context=requeueable deps ti=<TaskInstance: first_dag.print_hello scheduled__2025-11-08T00:00:00+00:00 [queued]>
[2025-11-09T13:19:07.157+0000] {taskinstance.py:2306} INFO - Starting attempt 1 of 2
[2025-11-09T13:19:07.173+0000] {taskinstance.py:2330} INFO - Executing <Task(BashOperator): print_hello> on 2025-11-08 00:00:00+00:00
[2025-11-09T13:19:07.179+0000] {standard_task_runner.py:90} INFO - Running: ['***', 'tasks', 'run', 'first_dag', 'print_hello', 'scheduled__2025-11-08T00:00:00+00:00', '--job-id', '14', '--raw', '--subdir', 'DAGS_FOLDER/first_dag.py', '--cfg-path', '/tmp/tmpon077zjz']
[2025-11-09T13:19:07.181+0000] {standard_task_runner.py:91} INFO - Job 14: Subtask print_hello
[2025-11-09T13:19:07.184+0000] {logging_mixin.py:188} WARNING - /home/***/.local/lib/python3.12/site-packages/***/task/task_runner/standard_task_runner.py:62 DeprecationWarning: This process (pid=168) is multi-threaded, use of fork() may lead to deadlocks in the child.
[2025-11-09T13:19:07.185+0000] {standard_task_runner.py:64} INFO - Started process 171 to run task
[2025-11-09T13:19:07.219+0000] {task_command.py:426} INFO - Running <TaskInstance: first_dag.print_hello scheduled__2025-11-08T00:00:00+00:00 [running]> on host 9a808d1d7509
[2025-11-09T13:19:07.293+0000] {taskinstance.py:2648} INFO - Exporting env vars: AIRFLOW_CTX_DAG_OWNER='data_engineer' AIRFLOW_CTX_DAG_ID='first_dag' AIRFLOW_CTX_TASK_ID='print_hello' AIRFLOW_CTX_EXECUTION_DATE='2025-11-08T00:00:00+00:00' AIRFLOW_CTX_TRY_NUMBER='1' AIRFLOW_CTX_DAG_RUN_ID='scheduled__2025-11-08T00:00:00+00:00'
[2025-11-09T13:19:07.294+0000] {taskinstance.py:430} INFO - ::endgroup::
[2025-11-09T13:19:07.321+0000] {subprocess.py:63} INFO - Tmp dir root location: /tmp
[2025-11-09T13:19:07.322+0000] {subprocess.py:75} INFO - Running command: ['/usr/bin/bash', '-c', 'echo "Привет от Airflow!"']
[2025-11-09T13:19:07.329+0000] {subprocess.py:86} INFO - Output:
[2025-11-09T13:19:07.330+0000] {subprocess.py:93} INFO - Привет от Airflow!
[2025-11-09T13:19:07.330+0000] {subprocess.py:97} INFO - Command exited with return code 0
[2025-11-09T13:19:07.331+0000] {taskinstance.py:441} INFO - ::group::Post task execution logs
[2025-11-09T13:19:07.351+0000] {taskinstance.py:1206} INFO - Marking task as SUCCESS. dag_id=first_dag, task_id=print_hello, run_id=scheduled__2025-11-08T00:00:00+00:00, execution_date=20251108T000000, start_date=20251109T131907, end_date=20251109T131907
[2025-11-09T13:19:07.366+0000] {local_task_job_runner.py:243} INFO - Task exited with return code 0
[2025-11-09T13:19:07.386+0000] {taskinstance.py:3503} INFO - 1 downstream tasks scheduled from follow-on schedule check
[2025-11-09T13:19:07.387+0000] {local_task_job_runner.py:222} INFO - ::endgroup::
