[2025-11-14T18:11:01.172+0000] {local_task_job_runner.py:120} INFO - ::group::Pre task execution logs
[2025-11-14T18:11:01.198+0000] {taskinstance.py:2076} INFO - Dependencies all met for dep_context=non-requeueable deps ti=<TaskInstance: first_dag.print_time scheduled__2025-11-13T00:00:00+00:00 [queued]>
[2025-11-14T18:11:01.205+0000] {taskinstance.py:2076} INFO - Dependencies all met for dep_context=requeueable deps ti=<TaskInstance: first_dag.print_time scheduled__2025-11-13T00:00:00+00:00 [queued]>
[2025-11-14T18:11:01.205+0000] {taskinstance.py:2306} INFO - Starting attempt 1 of 2
[2025-11-14T18:11:01.217+0000] {taskinstance.py:2330} INFO - Executing <Task(PythonOperator): print_time> on 2025-11-13 00:00:00+00:00
[2025-11-14T18:11:01.222+0000] {standard_task_runner.py:90} INFO - Running: ['***', 'tasks', 'run', 'first_dag', 'print_time', 'scheduled__2025-11-13T00:00:00+00:00', '--job-id', '35', '--raw', '--subdir', 'DAGS_FOLDER/first_dag.py', '--cfg-path', '/tmp/tmp01jvt3h2']
[2025-11-14T18:11:01.224+0000] {logging_mixin.py:188} WARNING - /home/***/.local/lib/python3.12/site-packages/***/task/task_runner/standard_task_runner.py:62 DeprecationWarning: This process (pid=173) is multi-threaded, use of fork() may lead to deadlocks in the child.
[2025-11-14T18:11:01.225+0000] {standard_task_runner.py:91} INFO - Job 35: Subtask print_time
[2025-11-14T18:11:01.225+0000] {standard_task_runner.py:64} INFO - Started process 174 to run task
[2025-11-14T18:11:01.260+0000] {task_command.py:426} INFO - Running <TaskInstance: first_dag.print_time scheduled__2025-11-13T00:00:00+00:00 [running]> on host 20d06d2beb9c
[2025-11-14T18:11:01.325+0000] {taskinstance.py:2648} INFO - Exporting env vars: AIRFLOW_CTX_DAG_OWNER='data_engineer' AIRFLOW_CTX_DAG_ID='first_dag' AIRFLOW_CTX_TASK_ID='print_time' AIRFLOW_CTX_EXECUTION_DATE='2025-11-13T00:00:00+00:00' AIRFLOW_CTX_TRY_NUMBER='1' AIRFLOW_CTX_DAG_RUN_ID='scheduled__2025-11-13T00:00:00+00:00'
[2025-11-14T18:11:01.326+0000] {taskinstance.py:430} INFO - ::endgroup::
[2025-11-14T18:11:01.335+0000] {first_dag.py:34} INFO - Текущее время: 2025-11-14 18:11:01.335724
[2025-11-14T18:11:01.336+0000] {logging_mixin.py:188} INFO - Эта задача выполняется Python оператором!
[2025-11-14T18:11:01.336+0000] {python.py:237} INFO - Done. Returned value was: None
[2025-11-14T18:11:01.337+0000] {taskinstance.py:441} INFO - ::group::Post task execution logs
[2025-11-14T18:11:01.343+0000] {taskinstance.py:1206} INFO - Marking task as SUCCESS. dag_id=first_dag, task_id=print_time, run_id=scheduled__2025-11-13T00:00:00+00:00, execution_date=20251113T000000, start_date=20251114T181101, end_date=20251114T181101
[2025-11-14T18:11:01.364+0000] {local_task_job_runner.py:243} INFO - Task exited with return code 0
[2025-11-14T18:11:01.380+0000] {taskinstance.py:3503} INFO - 1 downstream tasks scheduled from follow-on schedule check
[2025-11-14T18:11:01.381+0000] {local_task_job_runner.py:222} INFO - ::endgroup::
