[2025-11-14T18:10:59.872+0000] {processor.py:161} INFO - Started process (PID=159) to work on /opt/airflow/dags/connect.py
[2025-11-14T18:10:59.873+0000] {processor.py:830} INFO - Processing file /opt/airflow/dags/connect.py for tasks to queue
[2025-11-14T18:10:59.882+0000] {logging_mixin.py:188} INFO - [2025-11-14T18:10:59.881+0000] {dagbag.py:545} INFO - Filling up the DagBag from /opt/airflow/dags/connect.py
[2025-11-14T18:10:59.888+0000] {logging_mixin.py:188} INFO - [2025-11-14T18:10:59.886+0000] {dagbag.py:355} ERROR - Failed to import: /opt/airflow/dags/connect.py
Traceback (most recent call last):
  File "/home/airflow/.local/lib/python3.12/site-packages/airflow/models/dagbag.py", line 351, in parse
    loader.exec_module(new_module)
  File "<frozen importlib._bootstrap_external>", line 991, in exec_module
  File "<frozen importlib._bootstrap_external>", line 1129, in get_code
  File "<frozen importlib._bootstrap_external>", line 1059, in source_to_code
  File "<frozen importlib._bootstrap>", line 488, in _call_with_frames_removed
  File "/opt/airflow/dags/connect.py", line 96
    def generate_report(**context):
SyntaxError: expected 'except' or 'finally' block
[2025-11-14T18:10:59.889+0000] {processor.py:842} WARNING - No viable dags retrieved from /opt/airflow/dags/connect.py
[2025-11-14T18:10:59.919+0000] {processor.py:183} INFO - Processing /opt/airflow/dags/connect.py took 0.055 seconds
[2025-11-14T18:11:30.110+0000] {processor.py:161} INFO - Started process (PID=178) to work on /opt/airflow/dags/connect.py
[2025-11-14T18:11:30.110+0000] {processor.py:830} INFO - Processing file /opt/airflow/dags/connect.py for tasks to queue
[2025-11-14T18:11:30.112+0000] {logging_mixin.py:188} INFO - [2025-11-14T18:11:30.112+0000] {dagbag.py:545} INFO - Filling up the DagBag from /opt/airflow/dags/connect.py
[2025-11-14T18:11:30.118+0000] {logging_mixin.py:188} INFO - [2025-11-14T18:11:30.117+0000] {dagbag.py:355} ERROR - Failed to import: /opt/airflow/dags/connect.py
Traceback (most recent call last):
  File "/home/airflow/.local/lib/python3.12/site-packages/airflow/models/dagbag.py", line 351, in parse
    loader.exec_module(new_module)
  File "<frozen importlib._bootstrap_external>", line 991, in exec_module
  File "<frozen importlib._bootstrap_external>", line 1129, in get_code
  File "<frozen importlib._bootstrap_external>", line 1059, in source_to_code
  File "<frozen importlib._bootstrap>", line 488, in _call_with_frames_removed
  File "/opt/airflow/dags/connect.py", line 96
    def generate_report(**context):
SyntaxError: expected 'except' or 'finally' block
[2025-11-14T18:11:30.119+0000] {processor.py:842} WARNING - No viable dags retrieved from /opt/airflow/dags/connect.py
[2025-11-14T18:11:30.137+0000] {processor.py:183} INFO - Processing /opt/airflow/dags/connect.py took 0.032 seconds
[2025-11-14T18:12:00.341+0000] {processor.py:161} INFO - Started process (PID=188) to work on /opt/airflow/dags/connect.py
[2025-11-14T18:12:00.342+0000] {processor.py:830} INFO - Processing file /opt/airflow/dags/connect.py for tasks to queue
[2025-11-14T18:12:00.344+0000] {logging_mixin.py:188} INFO - [2025-11-14T18:12:00.344+0000] {dagbag.py:545} INFO - Filling up the DagBag from /opt/airflow/dags/connect.py
[2025-11-14T18:12:00.352+0000] {logging_mixin.py:188} INFO - [2025-11-14T18:12:00.351+0000] {dagbag.py:355} ERROR - Failed to import: /opt/airflow/dags/connect.py
Traceback (most recent call last):
  File "/home/airflow/.local/lib/python3.12/site-packages/airflow/models/dagbag.py", line 351, in parse
    loader.exec_module(new_module)
  File "<frozen importlib._bootstrap_external>", line 991, in exec_module
  File "<frozen importlib._bootstrap_external>", line 1129, in get_code
  File "<frozen importlib._bootstrap_external>", line 1059, in source_to_code
  File "<frozen importlib._bootstrap>", line 488, in _call_with_frames_removed
  File "/opt/airflow/dags/connect.py", line 96
    def generate_report(**context):
SyntaxError: expected 'except' or 'finally' block
[2025-11-14T18:12:00.352+0000] {processor.py:842} WARNING - No viable dags retrieved from /opt/airflow/dags/connect.py
[2025-11-14T18:12:00.371+0000] {processor.py:183} INFO - Processing /opt/airflow/dags/connect.py took 0.040 seconds
[2025-11-14T18:12:30.551+0000] {processor.py:161} INFO - Started process (PID=198) to work on /opt/airflow/dags/connect.py
[2025-11-14T18:12:30.552+0000] {processor.py:830} INFO - Processing file /opt/airflow/dags/connect.py for tasks to queue
[2025-11-14T18:12:30.554+0000] {logging_mixin.py:188} INFO - [2025-11-14T18:12:30.554+0000] {dagbag.py:545} INFO - Filling up the DagBag from /opt/airflow/dags/connect.py
[2025-11-14T18:12:30.563+0000] {logging_mixin.py:188} INFO - [2025-11-14T18:12:30.562+0000] {dagbag.py:355} ERROR - Failed to import: /opt/airflow/dags/connect.py
Traceback (most recent call last):
  File "/home/airflow/.local/lib/python3.12/site-packages/airflow/models/dagbag.py", line 351, in parse
    loader.exec_module(new_module)
  File "<frozen importlib._bootstrap_external>", line 991, in exec_module
  File "<frozen importlib._bootstrap_external>", line 1129, in get_code
  File "<frozen importlib._bootstrap_external>", line 1059, in source_to_code
  File "<frozen importlib._bootstrap>", line 488, in _call_with_frames_removed
  File "/opt/airflow/dags/connect.py", line 96
    def generate_report(**context):
SyntaxError: expected 'except' or 'finally' block
[2025-11-14T18:12:30.564+0000] {processor.py:842} WARNING - No viable dags retrieved from /opt/airflow/dags/connect.py
[2025-11-14T18:12:30.587+0000] {processor.py:183} INFO - Processing /opt/airflow/dags/connect.py took 0.043 seconds
[2025-11-14T18:13:00.806+0000] {processor.py:161} INFO - Started process (PID=208) to work on /opt/airflow/dags/connect.py
[2025-11-14T18:13:00.809+0000] {processor.py:830} INFO - Processing file /opt/airflow/dags/connect.py for tasks to queue
[2025-11-14T18:13:00.814+0000] {logging_mixin.py:188} INFO - [2025-11-14T18:13:00.814+0000] {dagbag.py:545} INFO - Filling up the DagBag from /opt/airflow/dags/connect.py
[2025-11-14T18:13:00.831+0000] {logging_mixin.py:188} INFO - [2025-11-14T18:13:00.830+0000] {dagbag.py:355} ERROR - Failed to import: /opt/airflow/dags/connect.py
Traceback (most recent call last):
  File "/home/airflow/.local/lib/python3.12/site-packages/airflow/models/dagbag.py", line 351, in parse
    loader.exec_module(new_module)
  File "<frozen importlib._bootstrap_external>", line 991, in exec_module
  File "<frozen importlib._bootstrap_external>", line 1129, in get_code
  File "<frozen importlib._bootstrap_external>", line 1059, in source_to_code
  File "<frozen importlib._bootstrap>", line 488, in _call_with_frames_removed
  File "/opt/airflow/dags/connect.py", line 96
    def generate_report(**context):
SyntaxError: expected 'except' or 'finally' block
[2025-11-14T18:13:00.832+0000] {processor.py:842} WARNING - No viable dags retrieved from /opt/airflow/dags/connect.py
[2025-11-14T18:13:00.862+0000] {processor.py:183} INFO - Processing /opt/airflow/dags/connect.py took 0.064 seconds
[2025-11-14T18:13:31.111+0000] {processor.py:161} INFO - Started process (PID=218) to work on /opt/airflow/dags/connect.py
[2025-11-14T18:13:31.113+0000] {processor.py:830} INFO - Processing file /opt/airflow/dags/connect.py for tasks to queue
[2025-11-14T18:13:31.117+0000] {logging_mixin.py:188} INFO - [2025-11-14T18:13:31.117+0000] {dagbag.py:545} INFO - Filling up the DagBag from /opt/airflow/dags/connect.py
[2025-11-14T18:13:31.126+0000] {logging_mixin.py:188} INFO - [2025-11-14T18:13:31.125+0000] {dagbag.py:355} ERROR - Failed to import: /opt/airflow/dags/connect.py
Traceback (most recent call last):
  File "/home/airflow/.local/lib/python3.12/site-packages/airflow/models/dagbag.py", line 351, in parse
    loader.exec_module(new_module)
  File "<frozen importlib._bootstrap_external>", line 991, in exec_module
  File "<frozen importlib._bootstrap_external>", line 1129, in get_code
  File "<frozen importlib._bootstrap_external>", line 1059, in source_to_code
  File "<frozen importlib._bootstrap>", line 488, in _call_with_frames_removed
  File "/opt/airflow/dags/connect.py", line 96
    def generate_report(**context):
SyntaxError: expected 'except' or 'finally' block
[2025-11-14T18:13:31.127+0000] {processor.py:842} WARNING - No viable dags retrieved from /opt/airflow/dags/connect.py
[2025-11-14T18:13:31.150+0000] {processor.py:183} INFO - Processing /opt/airflow/dags/connect.py took 0.055 seconds
[2025-11-14T18:14:01.349+0000] {processor.py:161} INFO - Started process (PID=228) to work on /opt/airflow/dags/connect.py
[2025-11-14T18:14:01.351+0000] {processor.py:830} INFO - Processing file /opt/airflow/dags/connect.py for tasks to queue
[2025-11-14T18:14:01.354+0000] {logging_mixin.py:188} INFO - [2025-11-14T18:14:01.354+0000] {dagbag.py:545} INFO - Filling up the DagBag from /opt/airflow/dags/connect.py
[2025-11-14T18:14:01.360+0000] {logging_mixin.py:188} INFO - [2025-11-14T18:14:01.359+0000] {dagbag.py:355} ERROR - Failed to import: /opt/airflow/dags/connect.py
Traceback (most recent call last):
  File "/home/airflow/.local/lib/python3.12/site-packages/airflow/models/dagbag.py", line 351, in parse
    loader.exec_module(new_module)
  File "<frozen importlib._bootstrap_external>", line 991, in exec_module
  File "<frozen importlib._bootstrap_external>", line 1129, in get_code
  File "<frozen importlib._bootstrap_external>", line 1059, in source_to_code
  File "<frozen importlib._bootstrap>", line 488, in _call_with_frames_removed
  File "/opt/airflow/dags/connect.py", line 96
    def generate_report(**context):
SyntaxError: expected 'except' or 'finally' block
[2025-11-14T18:14:01.362+0000] {processor.py:842} WARNING - No viable dags retrieved from /opt/airflow/dags/connect.py
[2025-11-14T18:14:01.389+0000] {processor.py:183} INFO - Processing /opt/airflow/dags/connect.py took 0.047 seconds
[2025-11-14T18:14:31.596+0000] {processor.py:161} INFO - Started process (PID=238) to work on /opt/airflow/dags/connect.py
[2025-11-14T18:14:31.598+0000] {processor.py:830} INFO - Processing file /opt/airflow/dags/connect.py for tasks to queue
[2025-11-14T18:14:31.602+0000] {logging_mixin.py:188} INFO - [2025-11-14T18:14:31.602+0000] {dagbag.py:545} INFO - Filling up the DagBag from /opt/airflow/dags/connect.py
[2025-11-14T18:14:31.613+0000] {logging_mixin.py:188} INFO - [2025-11-14T18:14:31.610+0000] {dagbag.py:355} ERROR - Failed to import: /opt/airflow/dags/connect.py
Traceback (most recent call last):
  File "/home/airflow/.local/lib/python3.12/site-packages/airflow/models/dagbag.py", line 351, in parse
    loader.exec_module(new_module)
  File "<frozen importlib._bootstrap_external>", line 991, in exec_module
  File "<frozen importlib._bootstrap_external>", line 1129, in get_code
  File "<frozen importlib._bootstrap_external>", line 1059, in source_to_code
  File "<frozen importlib._bootstrap>", line 488, in _call_with_frames_removed
  File "/opt/airflow/dags/connect.py", line 96
    def generate_report(**context):
SyntaxError: expected 'except' or 'finally' block
[2025-11-14T18:14:31.614+0000] {processor.py:842} WARNING - No viable dags retrieved from /opt/airflow/dags/connect.py
[2025-11-14T18:14:31.632+0000] {processor.py:183} INFO - Processing /opt/airflow/dags/connect.py took 0.053 seconds
[2025-11-14T18:15:01.834+0000] {processor.py:161} INFO - Started process (PID=248) to work on /opt/airflow/dags/connect.py
[2025-11-14T18:15:01.836+0000] {processor.py:830} INFO - Processing file /opt/airflow/dags/connect.py for tasks to queue
[2025-11-14T18:15:01.846+0000] {logging_mixin.py:188} INFO - [2025-11-14T18:15:01.845+0000] {dagbag.py:545} INFO - Filling up the DagBag from /opt/airflow/dags/connect.py
[2025-11-14T18:15:01.868+0000] {logging_mixin.py:188} INFO - [2025-11-14T18:15:01.866+0000] {dagbag.py:355} ERROR - Failed to import: /opt/airflow/dags/connect.py
Traceback (most recent call last):
  File "/home/airflow/.local/lib/python3.12/site-packages/airflow/models/dagbag.py", line 351, in parse
    loader.exec_module(new_module)
  File "<frozen importlib._bootstrap_external>", line 991, in exec_module
  File "<frozen importlib._bootstrap_external>", line 1129, in get_code
  File "<frozen importlib._bootstrap_external>", line 1059, in source_to_code
  File "<frozen importlib._bootstrap>", line 488, in _call_with_frames_removed
  File "/opt/airflow/dags/connect.py", line 96
    def generate_report(**context):
SyntaxError: expected 'except' or 'finally' block
[2025-11-14T18:15:01.869+0000] {processor.py:842} WARNING - No viable dags retrieved from /opt/airflow/dags/connect.py
[2025-11-14T18:15:01.908+0000] {processor.py:183} INFO - Processing /opt/airflow/dags/connect.py took 0.093 seconds
[2025-11-14T18:15:32.131+0000] {processor.py:161} INFO - Started process (PID=258) to work on /opt/airflow/dags/connect.py
[2025-11-14T18:15:32.136+0000] {processor.py:830} INFO - Processing file /opt/airflow/dags/connect.py for tasks to queue
[2025-11-14T18:15:32.144+0000] {logging_mixin.py:188} INFO - [2025-11-14T18:15:32.143+0000] {dagbag.py:545} INFO - Filling up the DagBag from /opt/airflow/dags/connect.py
[2025-11-14T18:15:32.157+0000] {logging_mixin.py:188} INFO - [2025-11-14T18:15:32.155+0000] {dagbag.py:355} ERROR - Failed to import: /opt/airflow/dags/connect.py
Traceback (most recent call last):
  File "/home/airflow/.local/lib/python3.12/site-packages/airflow/models/dagbag.py", line 351, in parse
    loader.exec_module(new_module)
  File "<frozen importlib._bootstrap_external>", line 991, in exec_module
  File "<frozen importlib._bootstrap_external>", line 1129, in get_code
  File "<frozen importlib._bootstrap_external>", line 1059, in source_to_code
  File "<frozen importlib._bootstrap>", line 488, in _call_with_frames_removed
  File "/opt/airflow/dags/connect.py", line 96
    def generate_report(**context):
SyntaxError: expected 'except' or 'finally' block
[2025-11-14T18:15:32.158+0000] {processor.py:842} WARNING - No viable dags retrieved from /opt/airflow/dags/connect.py
[2025-11-14T18:15:32.178+0000] {processor.py:183} INFO - Processing /opt/airflow/dags/connect.py took 0.065 seconds
[2025-11-14T18:15:59.381+0000] {processor.py:161} INFO - Started process (PID=268) to work on /opt/airflow/dags/connect.py
[2025-11-14T18:15:59.384+0000] {processor.py:830} INFO - Processing file /opt/airflow/dags/connect.py for tasks to queue
[2025-11-14T18:15:59.389+0000] {logging_mixin.py:188} INFO - [2025-11-14T18:15:59.388+0000] {dagbag.py:545} INFO - Filling up the DagBag from /opt/airflow/dags/connect.py
[2025-11-14T18:15:59.412+0000] {processor.py:840} INFO - DAG(s) 'test_connections_dag' retrieved from /opt/airflow/dags/connect.py
[2025-11-14T18:15:59.508+0000] {logging_mixin.py:188} INFO - [2025-11-14T18:15:59.508+0000] {dag.py:3089} INFO - Sync 1 DAGs
[2025-11-14T18:15:59.524+0000] {logging_mixin.py:188} INFO - [2025-11-14T18:15:59.524+0000] {dag.py:3947} INFO - Setting next_dagrun for test_connections_dag to 2025-11-14 12:00:00+00:00, run_after=2025-11-14 18:00:00+00:00
[2025-11-14T18:15:59.544+0000] {processor.py:183} INFO - Processing /opt/airflow/dags/connect.py took 0.175 seconds
[2025-11-14T18:16:29.618+0000] {processor.py:161} INFO - Started process (PID=285) to work on /opt/airflow/dags/connect.py
[2025-11-14T18:16:29.618+0000] {processor.py:830} INFO - Processing file /opt/airflow/dags/connect.py for tasks to queue
[2025-11-14T18:16:29.620+0000] {logging_mixin.py:188} INFO - [2025-11-14T18:16:29.620+0000] {dagbag.py:545} INFO - Filling up the DagBag from /opt/airflow/dags/connect.py
[2025-11-14T18:16:29.633+0000] {processor.py:840} INFO - DAG(s) 'test_connections_dag' retrieved from /opt/airflow/dags/connect.py
[2025-11-14T18:16:29.665+0000] {logging_mixin.py:188} INFO - [2025-11-14T18:16:29.665+0000] {dag.py:3089} INFO - Sync 1 DAGs
[2025-11-14T18:16:29.689+0000] {logging_mixin.py:188} INFO - [2025-11-14T18:16:29.688+0000] {dag.py:3947} INFO - Setting next_dagrun for test_connections_dag to 2025-11-14 18:00:00+00:00, run_after=2025-11-15 00:00:00+00:00
[2025-11-14T18:16:29.711+0000] {processor.py:183} INFO - Processing /opt/airflow/dags/connect.py took 0.098 seconds
[2025-11-14T18:16:59.946+0000] {processor.py:161} INFO - Started process (PID=295) to work on /opt/airflow/dags/connect.py
[2025-11-14T18:16:59.947+0000] {processor.py:830} INFO - Processing file /opt/airflow/dags/connect.py for tasks to queue
[2025-11-14T18:16:59.953+0000] {logging_mixin.py:188} INFO - [2025-11-14T18:16:59.952+0000] {dagbag.py:545} INFO - Filling up the DagBag from /opt/airflow/dags/connect.py
[2025-11-14T18:16:59.975+0000] {processor.py:840} INFO - DAG(s) 'test_connections_dag' retrieved from /opt/airflow/dags/connect.py
[2025-11-14T18:17:00.020+0000] {logging_mixin.py:188} INFO - [2025-11-14T18:17:00.019+0000] {dag.py:3089} INFO - Sync 1 DAGs
[2025-11-14T18:17:00.038+0000] {logging_mixin.py:188} INFO - [2025-11-14T18:17:00.038+0000] {dag.py:3947} INFO - Setting next_dagrun for test_connections_dag to 2025-11-14 18:00:00+00:00, run_after=2025-11-15 00:00:00+00:00
[2025-11-14T18:17:00.052+0000] {processor.py:183} INFO - Processing /opt/airflow/dags/connect.py took 0.121 seconds
[2025-11-14T18:17:30.308+0000] {processor.py:161} INFO - Started process (PID=305) to work on /opt/airflow/dags/connect.py
[2025-11-14T18:17:30.310+0000] {processor.py:830} INFO - Processing file /opt/airflow/dags/connect.py for tasks to queue
[2025-11-14T18:17:30.315+0000] {logging_mixin.py:188} INFO - [2025-11-14T18:17:30.314+0000] {dagbag.py:545} INFO - Filling up the DagBag from /opt/airflow/dags/connect.py
[2025-11-14T18:17:30.337+0000] {processor.py:840} INFO - DAG(s) 'test_connections_dag' retrieved from /opt/airflow/dags/connect.py
[2025-11-14T18:17:30.364+0000] {logging_mixin.py:188} INFO - [2025-11-14T18:17:30.363+0000] {dag.py:3089} INFO - Sync 1 DAGs
[2025-11-14T18:17:30.381+0000] {logging_mixin.py:188} INFO - [2025-11-14T18:17:30.381+0000] {dag.py:3947} INFO - Setting next_dagrun for test_connections_dag to 2025-11-14 18:00:00+00:00, run_after=2025-11-15 00:00:00+00:00
[2025-11-14T18:17:30.396+0000] {processor.py:183} INFO - Processing /opt/airflow/dags/connect.py took 0.103 seconds
[2025-11-14T18:18:00.477+0000] {processor.py:161} INFO - Started process (PID=315) to work on /opt/airflow/dags/connect.py
[2025-11-14T18:18:00.478+0000] {processor.py:830} INFO - Processing file /opt/airflow/dags/connect.py for tasks to queue
[2025-11-14T18:18:00.481+0000] {logging_mixin.py:188} INFO - [2025-11-14T18:18:00.480+0000] {dagbag.py:545} INFO - Filling up the DagBag from /opt/airflow/dags/connect.py
[2025-11-14T18:18:00.491+0000] {processor.py:840} INFO - DAG(s) 'test_connections_dag' retrieved from /opt/airflow/dags/connect.py
[2025-11-14T18:18:00.515+0000] {logging_mixin.py:188} INFO - [2025-11-14T18:18:00.515+0000] {dag.py:3089} INFO - Sync 1 DAGs
[2025-11-14T18:18:00.535+0000] {logging_mixin.py:188} INFO - [2025-11-14T18:18:00.534+0000] {dag.py:3947} INFO - Setting next_dagrun for test_connections_dag to 2025-11-14 18:00:00+00:00, run_after=2025-11-15 00:00:00+00:00
[2025-11-14T18:18:00.553+0000] {processor.py:183} INFO - Processing /opt/airflow/dags/connect.py took 0.080 seconds
[2025-11-14T18:18:30.767+0000] {processor.py:161} INFO - Started process (PID=325) to work on /opt/airflow/dags/connect.py
[2025-11-14T18:18:30.769+0000] {processor.py:830} INFO - Processing file /opt/airflow/dags/connect.py for tasks to queue
[2025-11-14T18:18:30.772+0000] {logging_mixin.py:188} INFO - [2025-11-14T18:18:30.771+0000] {dagbag.py:545} INFO - Filling up the DagBag from /opt/airflow/dags/connect.py
[2025-11-14T18:18:30.785+0000] {processor.py:840} INFO - DAG(s) 'test_connections_dag' retrieved from /opt/airflow/dags/connect.py
[2025-11-14T18:18:30.809+0000] {logging_mixin.py:188} INFO - [2025-11-14T18:18:30.809+0000] {dag.py:3089} INFO - Sync 1 DAGs
[2025-11-14T18:18:30.829+0000] {logging_mixin.py:188} INFO - [2025-11-14T18:18:30.829+0000] {dag.py:3947} INFO - Setting next_dagrun for test_connections_dag to 2025-11-14 18:00:00+00:00, run_after=2025-11-15 00:00:00+00:00
[2025-11-14T18:18:30.847+0000] {processor.py:183} INFO - Processing /opt/airflow/dags/connect.py took 0.092 seconds
[2025-11-14T18:19:01.067+0000] {processor.py:161} INFO - Started process (PID=335) to work on /opt/airflow/dags/connect.py
[2025-11-14T18:19:01.069+0000] {processor.py:830} INFO - Processing file /opt/airflow/dags/connect.py for tasks to queue
[2025-11-14T18:19:01.075+0000] {logging_mixin.py:188} INFO - [2025-11-14T18:19:01.074+0000] {dagbag.py:545} INFO - Filling up the DagBag from /opt/airflow/dags/connect.py
[2025-11-14T18:19:01.097+0000] {processor.py:840} INFO - DAG(s) 'test_connections_dag' retrieved from /opt/airflow/dags/connect.py
[2025-11-14T18:19:01.122+0000] {logging_mixin.py:188} INFO - [2025-11-14T18:19:01.121+0000] {dag.py:3089} INFO - Sync 1 DAGs
[2025-11-14T18:19:01.140+0000] {logging_mixin.py:188} INFO - [2025-11-14T18:19:01.140+0000] {dag.py:3947} INFO - Setting next_dagrun for test_connections_dag to 2025-11-14 18:00:00+00:00, run_after=2025-11-15 00:00:00+00:00
[2025-11-14T18:19:01.156+0000] {processor.py:183} INFO - Processing /opt/airflow/dags/connect.py took 0.104 seconds
[2025-11-14T18:19:31.342+0000] {processor.py:161} INFO - Started process (PID=345) to work on /opt/airflow/dags/connect.py
[2025-11-14T18:19:31.342+0000] {processor.py:830} INFO - Processing file /opt/airflow/dags/connect.py for tasks to queue
[2025-11-14T18:19:31.344+0000] {logging_mixin.py:188} INFO - [2025-11-14T18:19:31.344+0000] {dagbag.py:545} INFO - Filling up the DagBag from /opt/airflow/dags/connect.py
[2025-11-14T18:19:31.358+0000] {processor.py:840} INFO - DAG(s) 'test_connections_dag' retrieved from /opt/airflow/dags/connect.py
[2025-11-14T18:19:31.382+0000] {logging_mixin.py:188} INFO - [2025-11-14T18:19:31.382+0000] {dag.py:3089} INFO - Sync 1 DAGs
[2025-11-14T18:19:31.405+0000] {logging_mixin.py:188} INFO - [2025-11-14T18:19:31.405+0000] {dag.py:3947} INFO - Setting next_dagrun for test_connections_dag to 2025-11-14 18:00:00+00:00, run_after=2025-11-15 00:00:00+00:00
[2025-11-14T18:19:31.429+0000] {processor.py:183} INFO - Processing /opt/airflow/dags/connect.py took 0.093 seconds
[2025-11-14T18:20:01.604+0000] {processor.py:161} INFO - Started process (PID=355) to work on /opt/airflow/dags/connect.py
[2025-11-14T18:20:01.604+0000] {processor.py:830} INFO - Processing file /opt/airflow/dags/connect.py for tasks to queue
[2025-11-14T18:20:01.606+0000] {logging_mixin.py:188} INFO - [2025-11-14T18:20:01.606+0000] {dagbag.py:545} INFO - Filling up the DagBag from /opt/airflow/dags/connect.py
[2025-11-14T18:20:01.615+0000] {processor.py:840} INFO - DAG(s) 'test_connections_dag' retrieved from /opt/airflow/dags/connect.py
[2025-11-14T18:20:01.637+0000] {logging_mixin.py:188} INFO - [2025-11-14T18:20:01.637+0000] {dag.py:3089} INFO - Sync 1 DAGs
[2025-11-14T18:20:01.655+0000] {logging_mixin.py:188} INFO - [2025-11-14T18:20:01.655+0000] {dag.py:3947} INFO - Setting next_dagrun for test_connections_dag to 2025-11-14 18:00:00+00:00, run_after=2025-11-15 00:00:00+00:00
[2025-11-14T18:20:01.671+0000] {processor.py:183} INFO - Processing /opt/airflow/dags/connect.py took 0.071 seconds
[2025-11-14T18:20:31.863+0000] {processor.py:161} INFO - Started process (PID=365) to work on /opt/airflow/dags/connect.py
[2025-11-14T18:20:31.864+0000] {processor.py:830} INFO - Processing file /opt/airflow/dags/connect.py for tasks to queue
[2025-11-14T18:20:31.868+0000] {logging_mixin.py:188} INFO - [2025-11-14T18:20:31.867+0000] {dagbag.py:545} INFO - Filling up the DagBag from /opt/airflow/dags/connect.py
[2025-11-14T18:20:31.884+0000] {processor.py:840} INFO - DAG(s) 'test_connections_dag' retrieved from /opt/airflow/dags/connect.py
[2025-11-14T18:20:31.910+0000] {logging_mixin.py:188} INFO - [2025-11-14T18:20:31.910+0000] {dag.py:3089} INFO - Sync 1 DAGs
[2025-11-14T18:20:31.928+0000] {logging_mixin.py:188} INFO - [2025-11-14T18:20:31.928+0000] {dag.py:3947} INFO - Setting next_dagrun for test_connections_dag to 2025-11-14 18:00:00+00:00, run_after=2025-11-15 00:00:00+00:00
[2025-11-14T18:20:31.944+0000] {processor.py:183} INFO - Processing /opt/airflow/dags/connect.py took 0.092 seconds
[2025-11-14T18:21:02.208+0000] {processor.py:161} INFO - Started process (PID=375) to work on /opt/airflow/dags/connect.py
[2025-11-14T18:21:02.209+0000] {processor.py:830} INFO - Processing file /opt/airflow/dags/connect.py for tasks to queue
[2025-11-14T18:21:02.215+0000] {logging_mixin.py:188} INFO - [2025-11-14T18:21:02.214+0000] {dagbag.py:545} INFO - Filling up the DagBag from /opt/airflow/dags/connect.py
[2025-11-14T18:21:02.234+0000] {processor.py:840} INFO - DAG(s) 'test_connections_dag' retrieved from /opt/airflow/dags/connect.py
[2025-11-14T18:21:02.267+0000] {logging_mixin.py:188} INFO - [2025-11-14T18:21:02.266+0000] {dag.py:3089} INFO - Sync 1 DAGs
[2025-11-14T18:21:02.289+0000] {logging_mixin.py:188} INFO - [2025-11-14T18:21:02.289+0000] {dag.py:3947} INFO - Setting next_dagrun for test_connections_dag to 2025-11-14 18:00:00+00:00, run_after=2025-11-15 00:00:00+00:00
[2025-11-14T18:21:02.308+0000] {processor.py:183} INFO - Processing /opt/airflow/dags/connect.py took 0.121 seconds
[2025-11-14T18:21:32.507+0000] {processor.py:161} INFO - Started process (PID=385) to work on /opt/airflow/dags/connect.py
[2025-11-14T18:21:32.507+0000] {processor.py:830} INFO - Processing file /opt/airflow/dags/connect.py for tasks to queue
[2025-11-14T18:21:32.509+0000] {logging_mixin.py:188} INFO - [2025-11-14T18:21:32.509+0000] {dagbag.py:545} INFO - Filling up the DagBag from /opt/airflow/dags/connect.py
[2025-11-14T18:21:32.518+0000] {processor.py:840} INFO - DAG(s) 'test_connections_dag' retrieved from /opt/airflow/dags/connect.py
[2025-11-14T18:21:32.541+0000] {logging_mixin.py:188} INFO - [2025-11-14T18:21:32.541+0000] {dag.py:3089} INFO - Sync 1 DAGs
[2025-11-14T18:21:32.559+0000] {logging_mixin.py:188} INFO - [2025-11-14T18:21:32.559+0000] {dag.py:3947} INFO - Setting next_dagrun for test_connections_dag to 2025-11-14 18:00:00+00:00, run_after=2025-11-15 00:00:00+00:00
[2025-11-14T18:21:32.574+0000] {processor.py:183} INFO - Processing /opt/airflow/dags/connect.py took 0.072 seconds
[2025-11-14T18:22:02.780+0000] {processor.py:161} INFO - Started process (PID=395) to work on /opt/airflow/dags/connect.py
[2025-11-14T18:22:02.783+0000] {processor.py:830} INFO - Processing file /opt/airflow/dags/connect.py for tasks to queue
[2025-11-14T18:22:02.789+0000] {logging_mixin.py:188} INFO - [2025-11-14T18:22:02.788+0000] {dagbag.py:545} INFO - Filling up the DagBag from /opt/airflow/dags/connect.py
[2025-11-14T18:22:02.808+0000] {processor.py:840} INFO - DAG(s) 'test_connections_dag' retrieved from /opt/airflow/dags/connect.py
[2025-11-14T18:22:02.841+0000] {logging_mixin.py:188} INFO - [2025-11-14T18:22:02.840+0000] {dag.py:3089} INFO - Sync 1 DAGs
[2025-11-14T18:22:02.870+0000] {logging_mixin.py:188} INFO - [2025-11-14T18:22:02.870+0000] {dag.py:3947} INFO - Setting next_dagrun for test_connections_dag to 2025-11-14 18:00:00+00:00, run_after=2025-11-15 00:00:00+00:00
[2025-11-14T18:22:02.890+0000] {processor.py:183} INFO - Processing /opt/airflow/dags/connect.py took 0.124 seconds
[2025-11-14T18:22:32.971+0000] {processor.py:161} INFO - Started process (PID=405) to work on /opt/airflow/dags/connect.py
[2025-11-14T18:22:32.973+0000] {processor.py:830} INFO - Processing file /opt/airflow/dags/connect.py for tasks to queue
[2025-11-14T18:22:32.976+0000] {logging_mixin.py:188} INFO - [2025-11-14T18:22:32.975+0000] {dagbag.py:545} INFO - Filling up the DagBag from /opt/airflow/dags/connect.py
[2025-11-14T18:22:32.989+0000] {processor.py:840} INFO - DAG(s) 'test_connections_dag' retrieved from /opt/airflow/dags/connect.py
[2025-11-14T18:22:33.013+0000] {logging_mixin.py:188} INFO - [2025-11-14T18:22:33.013+0000] {dag.py:3089} INFO - Sync 1 DAGs
[2025-11-14T18:22:33.032+0000] {logging_mixin.py:188} INFO - [2025-11-14T18:22:33.032+0000] {dag.py:3947} INFO - Setting next_dagrun for test_connections_dag to 2025-11-14 18:00:00+00:00, run_after=2025-11-15 00:00:00+00:00
[2025-11-14T18:22:33.047+0000] {processor.py:183} INFO - Processing /opt/airflow/dags/connect.py took 0.090 seconds
[2025-11-14T18:23:03.283+0000] {processor.py:161} INFO - Started process (PID=415) to work on /opt/airflow/dags/connect.py
[2025-11-14T18:23:03.284+0000] {processor.py:830} INFO - Processing file /opt/airflow/dags/connect.py for tasks to queue
[2025-11-14T18:23:03.286+0000] {logging_mixin.py:188} INFO - [2025-11-14T18:23:03.286+0000] {dagbag.py:545} INFO - Filling up the DagBag from /opt/airflow/dags/connect.py
[2025-11-14T18:23:03.304+0000] {processor.py:840} INFO - DAG(s) 'test_connections_dag' retrieved from /opt/airflow/dags/connect.py
[2025-11-14T18:23:03.336+0000] {logging_mixin.py:188} INFO - [2025-11-14T18:23:03.336+0000] {dag.py:3089} INFO - Sync 1 DAGs
[2025-11-14T18:23:03.363+0000] {logging_mixin.py:188} INFO - [2025-11-14T18:23:03.363+0000] {dag.py:3947} INFO - Setting next_dagrun for test_connections_dag to 2025-11-14 18:00:00+00:00, run_after=2025-11-15 00:00:00+00:00
[2025-11-14T18:23:03.401+0000] {processor.py:183} INFO - Processing /opt/airflow/dags/connect.py took 0.129 seconds
[2025-11-14T18:23:33.629+0000] {processor.py:161} INFO - Started process (PID=425) to work on /opt/airflow/dags/connect.py
[2025-11-14T18:23:33.631+0000] {processor.py:830} INFO - Processing file /opt/airflow/dags/connect.py for tasks to queue
[2025-11-14T18:23:33.636+0000] {logging_mixin.py:188} INFO - [2025-11-14T18:23:33.635+0000] {dagbag.py:545} INFO - Filling up the DagBag from /opt/airflow/dags/connect.py
[2025-11-14T18:23:33.652+0000] {processor.py:840} INFO - DAG(s) 'test_connections_dag' retrieved from /opt/airflow/dags/connect.py
[2025-11-14T18:23:33.676+0000] {logging_mixin.py:188} INFO - [2025-11-14T18:23:33.676+0000] {dag.py:3089} INFO - Sync 1 DAGs
[2025-11-14T18:23:33.695+0000] {logging_mixin.py:188} INFO - [2025-11-14T18:23:33.695+0000] {dag.py:3947} INFO - Setting next_dagrun for test_connections_dag to 2025-11-14 18:00:00+00:00, run_after=2025-11-15 00:00:00+00:00
[2025-11-14T18:23:33.734+0000] {processor.py:183} INFO - Processing /opt/airflow/dags/connect.py took 0.120 seconds
[2025-11-14T18:24:03.806+0000] {processor.py:161} INFO - Started process (PID=435) to work on /opt/airflow/dags/connect.py
[2025-11-14T18:24:03.807+0000] {processor.py:830} INFO - Processing file /opt/airflow/dags/connect.py for tasks to queue
[2025-11-14T18:24:03.810+0000] {logging_mixin.py:188} INFO - [2025-11-14T18:24:03.809+0000] {dagbag.py:545} INFO - Filling up the DagBag from /opt/airflow/dags/connect.py
[2025-11-14T18:24:03.820+0000] {processor.py:840} INFO - DAG(s) 'test_connections_dag' retrieved from /opt/airflow/dags/connect.py
[2025-11-14T18:24:03.844+0000] {logging_mixin.py:188} INFO - [2025-11-14T18:24:03.844+0000] {dag.py:3089} INFO - Sync 1 DAGs
[2025-11-14T18:24:03.862+0000] {logging_mixin.py:188} INFO - [2025-11-14T18:24:03.862+0000] {dag.py:3947} INFO - Setting next_dagrun for test_connections_dag to 2025-11-14 18:00:00+00:00, run_after=2025-11-15 00:00:00+00:00
[2025-11-14T18:24:03.877+0000] {processor.py:183} INFO - Processing /opt/airflow/dags/connect.py took 0.079 seconds
[2025-11-14T18:24:34.056+0000] {processor.py:161} INFO - Started process (PID=445) to work on /opt/airflow/dags/connect.py
[2025-11-14T18:24:34.057+0000] {processor.py:830} INFO - Processing file /opt/airflow/dags/connect.py for tasks to queue
[2025-11-14T18:24:34.059+0000] {logging_mixin.py:188} INFO - [2025-11-14T18:24:34.058+0000] {dagbag.py:545} INFO - Filling up the DagBag from /opt/airflow/dags/connect.py
[2025-11-14T18:24:34.071+0000] {processor.py:840} INFO - DAG(s) 'test_connections_dag' retrieved from /opt/airflow/dags/connect.py
[2025-11-14T18:24:34.101+0000] {logging_mixin.py:188} INFO - [2025-11-14T18:24:34.101+0000] {dag.py:3089} INFO - Sync 1 DAGs
[2025-11-14T18:24:34.127+0000] {logging_mixin.py:188} INFO - [2025-11-14T18:24:34.127+0000] {dag.py:3947} INFO - Setting next_dagrun for test_connections_dag to 2025-11-14 18:00:00+00:00, run_after=2025-11-15 00:00:00+00:00
[2025-11-14T18:24:34.150+0000] {processor.py:183} INFO - Processing /opt/airflow/dags/connect.py took 0.101 seconds
[2025-11-14T18:25:04.371+0000] {processor.py:161} INFO - Started process (PID=455) to work on /opt/airflow/dags/connect.py
[2025-11-14T18:25:04.372+0000] {processor.py:830} INFO - Processing file /opt/airflow/dags/connect.py for tasks to queue
[2025-11-14T18:25:04.379+0000] {logging_mixin.py:188} INFO - [2025-11-14T18:25:04.377+0000] {dagbag.py:545} INFO - Filling up the DagBag from /opt/airflow/dags/connect.py
[2025-11-14T18:25:04.402+0000] {processor.py:840} INFO - DAG(s) 'test_connections_dag' retrieved from /opt/airflow/dags/connect.py
[2025-11-14T18:25:04.444+0000] {logging_mixin.py:188} INFO - [2025-11-14T18:25:04.443+0000] {dag.py:3089} INFO - Sync 1 DAGs
[2025-11-14T18:25:04.464+0000] {logging_mixin.py:188} INFO - [2025-11-14T18:25:04.463+0000] {dag.py:3947} INFO - Setting next_dagrun for test_connections_dag to 2025-11-14 18:00:00+00:00, run_after=2025-11-15 00:00:00+00:00
[2025-11-14T18:25:04.479+0000] {processor.py:183} INFO - Processing /opt/airflow/dags/connect.py took 0.124 seconds
[2025-11-14T18:25:34.664+0000] {processor.py:161} INFO - Started process (PID=465) to work on /opt/airflow/dags/connect.py
[2025-11-14T18:25:34.665+0000] {processor.py:830} INFO - Processing file /opt/airflow/dags/connect.py for tasks to queue
[2025-11-14T18:25:34.668+0000] {logging_mixin.py:188} INFO - [2025-11-14T18:25:34.668+0000] {dagbag.py:545} INFO - Filling up the DagBag from /opt/airflow/dags/connect.py
[2025-11-14T18:25:34.677+0000] {processor.py:840} INFO - DAG(s) 'test_connections_dag' retrieved from /opt/airflow/dags/connect.py
[2025-11-14T18:25:34.698+0000] {logging_mixin.py:188} INFO - [2025-11-14T18:25:34.698+0000] {dag.py:3089} INFO - Sync 1 DAGs
[2025-11-14T18:25:34.716+0000] {logging_mixin.py:188} INFO - [2025-11-14T18:25:34.716+0000] {dag.py:3947} INFO - Setting next_dagrun for test_connections_dag to 2025-11-14 18:00:00+00:00, run_after=2025-11-15 00:00:00+00:00
[2025-11-14T18:25:34.730+0000] {processor.py:183} INFO - Processing /opt/airflow/dags/connect.py took 0.072 seconds
[2025-11-14T18:26:04.943+0000] {processor.py:161} INFO - Started process (PID=475) to work on /opt/airflow/dags/connect.py
[2025-11-14T18:26:04.944+0000] {processor.py:830} INFO - Processing file /opt/airflow/dags/connect.py for tasks to queue
[2025-11-14T18:26:04.946+0000] {logging_mixin.py:188} INFO - [2025-11-14T18:26:04.946+0000] {dagbag.py:545} INFO - Filling up the DagBag from /opt/airflow/dags/connect.py
[2025-11-14T18:26:04.955+0000] {processor.py:840} INFO - DAG(s) 'test_connections_dag' retrieved from /opt/airflow/dags/connect.py
[2025-11-14T18:26:04.982+0000] {logging_mixin.py:188} INFO - [2025-11-14T18:26:04.982+0000] {dag.py:3089} INFO - Sync 1 DAGs
[2025-11-14T18:26:05.001+0000] {logging_mixin.py:188} INFO - [2025-11-14T18:26:05.001+0000] {dag.py:3947} INFO - Setting next_dagrun for test_connections_dag to 2025-11-14 18:00:00+00:00, run_after=2025-11-15 00:00:00+00:00
[2025-11-14T18:26:05.018+0000] {processor.py:183} INFO - Processing /opt/airflow/dags/connect.py took 0.079 seconds
[2025-11-14T18:26:35.196+0000] {processor.py:161} INFO - Started process (PID=485) to work on /opt/airflow/dags/connect.py
[2025-11-14T18:26:35.197+0000] {processor.py:830} INFO - Processing file /opt/airflow/dags/connect.py for tasks to queue
[2025-11-14T18:26:35.199+0000] {logging_mixin.py:188} INFO - [2025-11-14T18:26:35.198+0000] {dagbag.py:545} INFO - Filling up the DagBag from /opt/airflow/dags/connect.py
[2025-11-14T18:26:35.209+0000] {processor.py:840} INFO - DAG(s) 'test_connections_dag' retrieved from /opt/airflow/dags/connect.py
[2025-11-14T18:26:35.232+0000] {logging_mixin.py:188} INFO - [2025-11-14T18:26:35.232+0000] {dag.py:3089} INFO - Sync 1 DAGs
[2025-11-14T18:26:35.250+0000] {logging_mixin.py:188} INFO - [2025-11-14T18:26:35.250+0000] {dag.py:3947} INFO - Setting next_dagrun for test_connections_dag to 2025-11-14 18:00:00+00:00, run_after=2025-11-15 00:00:00+00:00
[2025-11-14T18:26:35.266+0000] {processor.py:183} INFO - Processing /opt/airflow/dags/connect.py took 0.078 seconds
[2025-11-14T18:27:05.447+0000] {processor.py:161} INFO - Started process (PID=495) to work on /opt/airflow/dags/connect.py
[2025-11-14T18:27:05.447+0000] {processor.py:830} INFO - Processing file /opt/airflow/dags/connect.py for tasks to queue
[2025-11-14T18:27:05.450+0000] {logging_mixin.py:188} INFO - [2025-11-14T18:27:05.449+0000] {dagbag.py:545} INFO - Filling up the DagBag from /opt/airflow/dags/connect.py
[2025-11-14T18:27:05.458+0000] {processor.py:840} INFO - DAG(s) 'test_connections_dag' retrieved from /opt/airflow/dags/connect.py
[2025-11-14T18:27:05.479+0000] {logging_mixin.py:188} INFO - [2025-11-14T18:27:05.479+0000] {dag.py:3089} INFO - Sync 1 DAGs
[2025-11-14T18:27:05.497+0000] {logging_mixin.py:188} INFO - [2025-11-14T18:27:05.497+0000] {dag.py:3947} INFO - Setting next_dagrun for test_connections_dag to 2025-11-14 18:00:00+00:00, run_after=2025-11-15 00:00:00+00:00
[2025-11-14T18:27:05.511+0000] {processor.py:183} INFO - Processing /opt/airflow/dags/connect.py took 0.069 seconds
[2025-11-14T18:27:35.711+0000] {processor.py:161} INFO - Started process (PID=505) to work on /opt/airflow/dags/connect.py
[2025-11-14T18:27:35.712+0000] {processor.py:830} INFO - Processing file /opt/airflow/dags/connect.py for tasks to queue
[2025-11-14T18:27:35.714+0000] {logging_mixin.py:188} INFO - [2025-11-14T18:27:35.714+0000] {dagbag.py:545} INFO - Filling up the DagBag from /opt/airflow/dags/connect.py
[2025-11-14T18:27:35.723+0000] {processor.py:840} INFO - DAG(s) 'test_connections_dag' retrieved from /opt/airflow/dags/connect.py
[2025-11-14T18:27:35.749+0000] {logging_mixin.py:188} INFO - [2025-11-14T18:27:35.749+0000] {dag.py:3089} INFO - Sync 1 DAGs
[2025-11-14T18:27:35.766+0000] {logging_mixin.py:188} INFO - [2025-11-14T18:27:35.766+0000] {dag.py:3947} INFO - Setting next_dagrun for test_connections_dag to 2025-11-14 18:00:00+00:00, run_after=2025-11-15 00:00:00+00:00
[2025-11-14T18:27:35.781+0000] {processor.py:183} INFO - Processing /opt/airflow/dags/connect.py took 0.075 seconds
[2025-11-14T18:28:05.972+0000] {processor.py:161} INFO - Started process (PID=515) to work on /opt/airflow/dags/connect.py
[2025-11-14T18:28:05.973+0000] {processor.py:830} INFO - Processing file /opt/airflow/dags/connect.py for tasks to queue
[2025-11-14T18:28:05.976+0000] {logging_mixin.py:188} INFO - [2025-11-14T18:28:05.975+0000] {dagbag.py:545} INFO - Filling up the DagBag from /opt/airflow/dags/connect.py
[2025-11-14T18:28:05.985+0000] {processor.py:840} INFO - DAG(s) 'test_connections_dag' retrieved from /opt/airflow/dags/connect.py
[2025-11-14T18:28:06.007+0000] {logging_mixin.py:188} INFO - [2025-11-14T18:28:06.007+0000] {dag.py:3089} INFO - Sync 1 DAGs
[2025-11-14T18:28:06.024+0000] {logging_mixin.py:188} INFO - [2025-11-14T18:28:06.024+0000] {dag.py:3947} INFO - Setting next_dagrun for test_connections_dag to 2025-11-14 18:00:00+00:00, run_after=2025-11-15 00:00:00+00:00
[2025-11-14T18:28:06.038+0000] {processor.py:183} INFO - Processing /opt/airflow/dags/connect.py took 0.073 seconds
[2025-11-14T18:28:36.239+0000] {processor.py:161} INFO - Started process (PID=525) to work on /opt/airflow/dags/connect.py
[2025-11-14T18:28:36.241+0000] {processor.py:830} INFO - Processing file /opt/airflow/dags/connect.py for tasks to queue
[2025-11-14T18:28:36.245+0000] {logging_mixin.py:188} INFO - [2025-11-14T18:28:36.244+0000] {dagbag.py:545} INFO - Filling up the DagBag from /opt/airflow/dags/connect.py
[2025-11-14T18:28:36.259+0000] {processor.py:840} INFO - DAG(s) 'test_connections_dag' retrieved from /opt/airflow/dags/connect.py
[2025-11-14T18:28:36.282+0000] {logging_mixin.py:188} INFO - [2025-11-14T18:28:36.282+0000] {dag.py:3089} INFO - Sync 1 DAGs
[2025-11-14T18:28:36.300+0000] {logging_mixin.py:188} INFO - [2025-11-14T18:28:36.299+0000] {dag.py:3947} INFO - Setting next_dagrun for test_connections_dag to 2025-11-14 18:00:00+00:00, run_after=2025-11-15 00:00:00+00:00
[2025-11-14T18:28:36.314+0000] {processor.py:183} INFO - Processing /opt/airflow/dags/connect.py took 0.088 seconds
[2025-11-14T18:29:06.396+0000] {processor.py:161} INFO - Started process (PID=535) to work on /opt/airflow/dags/connect.py
[2025-11-14T18:29:06.397+0000] {processor.py:830} INFO - Processing file /opt/airflow/dags/connect.py for tasks to queue
[2025-11-14T18:29:06.399+0000] {logging_mixin.py:188} INFO - [2025-11-14T18:29:06.398+0000] {dagbag.py:545} INFO - Filling up the DagBag from /opt/airflow/dags/connect.py
[2025-11-14T18:29:06.408+0000] {processor.py:840} INFO - DAG(s) 'test_connections_dag' retrieved from /opt/airflow/dags/connect.py
[2025-11-14T18:29:06.439+0000] {logging_mixin.py:188} INFO - [2025-11-14T18:29:06.439+0000] {dag.py:3089} INFO - Sync 1 DAGs
[2025-11-14T18:29:06.458+0000] {logging_mixin.py:188} INFO - [2025-11-14T18:29:06.458+0000] {dag.py:3947} INFO - Setting next_dagrun for test_connections_dag to 2025-11-14 18:00:00+00:00, run_after=2025-11-15 00:00:00+00:00
[2025-11-14T18:29:06.474+0000] {processor.py:183} INFO - Processing /opt/airflow/dags/connect.py took 0.083 seconds
[2025-11-14T18:29:36.676+0000] {processor.py:161} INFO - Started process (PID=545) to work on /opt/airflow/dags/connect.py
[2025-11-14T18:29:36.679+0000] {processor.py:830} INFO - Processing file /opt/airflow/dags/connect.py for tasks to queue
[2025-11-14T18:29:36.683+0000] {logging_mixin.py:188} INFO - [2025-11-14T18:29:36.682+0000] {dagbag.py:545} INFO - Filling up the DagBag from /opt/airflow/dags/connect.py
[2025-11-14T18:29:36.703+0000] {processor.py:840} INFO - DAG(s) 'test_connections_dag' retrieved from /opt/airflow/dags/connect.py
[2025-11-14T18:29:36.729+0000] {logging_mixin.py:188} INFO - [2025-11-14T18:29:36.729+0000] {dag.py:3089} INFO - Sync 1 DAGs
[2025-11-14T18:29:36.747+0000] {logging_mixin.py:188} INFO - [2025-11-14T18:29:36.747+0000] {dag.py:3947} INFO - Setting next_dagrun for test_connections_dag to 2025-11-14 18:00:00+00:00, run_after=2025-11-15 00:00:00+00:00
[2025-11-14T18:29:36.763+0000] {processor.py:183} INFO - Processing /opt/airflow/dags/connect.py took 0.103 seconds
[2025-11-14T18:30:06.936+0000] {processor.py:161} INFO - Started process (PID=555) to work on /opt/airflow/dags/connect.py
[2025-11-14T18:30:06.937+0000] {processor.py:830} INFO - Processing file /opt/airflow/dags/connect.py for tasks to queue
[2025-11-14T18:30:06.939+0000] {logging_mixin.py:188} INFO - [2025-11-14T18:30:06.938+0000] {dagbag.py:545} INFO - Filling up the DagBag from /opt/airflow/dags/connect.py
[2025-11-14T18:30:06.947+0000] {processor.py:840} INFO - DAG(s) 'test_connections_dag' retrieved from /opt/airflow/dags/connect.py
[2025-11-14T18:30:06.968+0000] {logging_mixin.py:188} INFO - [2025-11-14T18:30:06.968+0000] {dag.py:3089} INFO - Sync 1 DAGs
[2025-11-14T18:30:06.985+0000] {logging_mixin.py:188} INFO - [2025-11-14T18:30:06.985+0000] {dag.py:3947} INFO - Setting next_dagrun for test_connections_dag to 2025-11-14 18:00:00+00:00, run_after=2025-11-15 00:00:00+00:00
[2025-11-14T18:30:06.999+0000] {processor.py:183} INFO - Processing /opt/airflow/dags/connect.py took 0.067 seconds
[2025-11-14T18:30:37.176+0000] {processor.py:161} INFO - Started process (PID=565) to work on /opt/airflow/dags/connect.py
[2025-11-14T18:30:37.177+0000] {processor.py:830} INFO - Processing file /opt/airflow/dags/connect.py for tasks to queue
[2025-11-14T18:30:37.179+0000] {logging_mixin.py:188} INFO - [2025-11-14T18:30:37.178+0000] {dagbag.py:545} INFO - Filling up the DagBag from /opt/airflow/dags/connect.py
[2025-11-14T18:30:37.188+0000] {processor.py:840} INFO - DAG(s) 'test_connections_dag' retrieved from /opt/airflow/dags/connect.py
[2025-11-14T18:30:37.209+0000] {logging_mixin.py:188} INFO - [2025-11-14T18:30:37.209+0000] {dag.py:3089} INFO - Sync 1 DAGs
[2025-11-14T18:30:37.227+0000] {logging_mixin.py:188} INFO - [2025-11-14T18:30:37.227+0000] {dag.py:3947} INFO - Setting next_dagrun for test_connections_dag to 2025-11-14 18:00:00+00:00, run_after=2025-11-15 00:00:00+00:00
[2025-11-14T18:30:37.242+0000] {processor.py:183} INFO - Processing /opt/airflow/dags/connect.py took 0.071 seconds
[2025-11-14T18:31:07.450+0000] {processor.py:161} INFO - Started process (PID=575) to work on /opt/airflow/dags/connect.py
[2025-11-14T18:31:07.452+0000] {processor.py:830} INFO - Processing file /opt/airflow/dags/connect.py for tasks to queue
[2025-11-14T18:31:07.454+0000] {logging_mixin.py:188} INFO - [2025-11-14T18:31:07.453+0000] {dagbag.py:545} INFO - Filling up the DagBag from /opt/airflow/dags/connect.py
[2025-11-14T18:31:07.462+0000] {processor.py:840} INFO - DAG(s) 'test_connections_dag' retrieved from /opt/airflow/dags/connect.py
[2025-11-14T18:31:07.484+0000] {logging_mixin.py:188} INFO - [2025-11-14T18:31:07.484+0000] {dag.py:3089} INFO - Sync 1 DAGs
[2025-11-14T18:31:07.503+0000] {logging_mixin.py:188} INFO - [2025-11-14T18:31:07.503+0000] {dag.py:3947} INFO - Setting next_dagrun for test_connections_dag to 2025-11-14 18:00:00+00:00, run_after=2025-11-15 00:00:00+00:00
[2025-11-14T18:31:07.520+0000] {processor.py:183} INFO - Processing /opt/airflow/dags/connect.py took 0.075 seconds
[2025-11-14T18:31:37.750+0000] {processor.py:161} INFO - Started process (PID=585) to work on /opt/airflow/dags/connect.py
[2025-11-14T18:31:37.752+0000] {processor.py:830} INFO - Processing file /opt/airflow/dags/connect.py for tasks to queue
[2025-11-14T18:31:37.757+0000] {logging_mixin.py:188} INFO - [2025-11-14T18:31:37.756+0000] {dagbag.py:545} INFO - Filling up the DagBag from /opt/airflow/dags/connect.py
[2025-11-14T18:31:37.774+0000] {processor.py:840} INFO - DAG(s) 'test_connections_dag' retrieved from /opt/airflow/dags/connect.py
[2025-11-14T18:31:37.796+0000] {logging_mixin.py:188} INFO - [2025-11-14T18:31:37.796+0000] {dag.py:3089} INFO - Sync 1 DAGs
[2025-11-14T18:31:37.814+0000] {logging_mixin.py:188} INFO - [2025-11-14T18:31:37.814+0000] {dag.py:3947} INFO - Setting next_dagrun for test_connections_dag to 2025-11-14 18:00:00+00:00, run_after=2025-11-15 00:00:00+00:00
[2025-11-14T18:31:37.829+0000] {processor.py:183} INFO - Processing /opt/airflow/dags/connect.py took 0.092 seconds
[2025-11-14T18:32:07.930+0000] {processor.py:161} INFO - Started process (PID=595) to work on /opt/airflow/dags/connect.py
[2025-11-14T18:32:07.931+0000] {processor.py:830} INFO - Processing file /opt/airflow/dags/connect.py for tasks to queue
[2025-11-14T18:32:07.932+0000] {logging_mixin.py:188} INFO - [2025-11-14T18:32:07.932+0000] {dagbag.py:545} INFO - Filling up the DagBag from /opt/airflow/dags/connect.py
[2025-11-14T18:32:07.941+0000] {processor.py:840} INFO - DAG(s) 'test_connections_dag' retrieved from /opt/airflow/dags/connect.py
[2025-11-14T18:32:07.963+0000] {logging_mixin.py:188} INFO - [2025-11-14T18:32:07.963+0000] {dag.py:3089} INFO - Sync 1 DAGs
[2025-11-14T18:32:07.983+0000] {logging_mixin.py:188} INFO - [2025-11-14T18:32:07.983+0000] {dag.py:3947} INFO - Setting next_dagrun for test_connections_dag to 2025-11-14 18:00:00+00:00, run_after=2025-11-15 00:00:00+00:00
[2025-11-14T18:32:08.000+0000] {processor.py:183} INFO - Processing /opt/airflow/dags/connect.py took 0.078 seconds
[2025-11-14T18:32:38.179+0000] {processor.py:161} INFO - Started process (PID=605) to work on /opt/airflow/dags/connect.py
[2025-11-14T18:32:38.180+0000] {processor.py:830} INFO - Processing file /opt/airflow/dags/connect.py for tasks to queue
[2025-11-14T18:32:38.182+0000] {logging_mixin.py:188} INFO - [2025-11-14T18:32:38.181+0000] {dagbag.py:545} INFO - Filling up the DagBag from /opt/airflow/dags/connect.py
[2025-11-14T18:32:38.191+0000] {processor.py:840} INFO - DAG(s) 'test_connections_dag' retrieved from /opt/airflow/dags/connect.py
[2025-11-14T18:32:38.214+0000] {logging_mixin.py:188} INFO - [2025-11-14T18:32:38.213+0000] {dag.py:3089} INFO - Sync 1 DAGs
[2025-11-14T18:32:38.231+0000] {logging_mixin.py:188} INFO - [2025-11-14T18:32:38.231+0000] {dag.py:3947} INFO - Setting next_dagrun for test_connections_dag to 2025-11-14 18:00:00+00:00, run_after=2025-11-15 00:00:00+00:00
[2025-11-14T18:32:38.247+0000] {processor.py:183} INFO - Processing /opt/airflow/dags/connect.py took 0.073 seconds
