[2025-11-14T18:10:59.889+0000] {processor.py:161} INFO - Started process (PID=162) to work on /opt/airflow/dags/first_dag.py
[2025-11-14T18:10:59.892+0000] {processor.py:830} INFO - Processing file /opt/airflow/dags/first_dag.py for tasks to queue
[2025-11-14T18:10:59.894+0000] {logging_mixin.py:188} INFO - [2025-11-14T18:10:59.894+0000] {dagbag.py:545} INFO - Filling up the DagBag from /opt/airflow/dags/first_dag.py
[2025-11-14T18:10:59.917+0000] {processor.py:840} INFO - DAG(s) 'first_dag' retrieved from /opt/airflow/dags/first_dag.py
[2025-11-14T18:10:59.952+0000] {logging_mixin.py:188} INFO - [2025-11-14T18:10:59.952+0000] {dag.py:3089} INFO - Sync 1 DAGs
[2025-11-14T18:10:59.978+0000] {logging_mixin.py:188} INFO - [2025-11-14T18:10:59.978+0000] {dag.py:3947} INFO - Setting next_dagrun for first_dag to 2025-11-14 00:00:00+00:00, run_after=2025-11-15 00:00:00+00:00
[2025-11-14T18:10:59.999+0000] {processor.py:183} INFO - Processing /opt/airflow/dags/first_dag.py took 0.121 seconds
[2025-11-14T18:11:30.113+0000] {processor.py:161} INFO - Started process (PID=181) to work on /opt/airflow/dags/first_dag.py
[2025-11-14T18:11:30.114+0000] {processor.py:830} INFO - Processing file /opt/airflow/dags/first_dag.py for tasks to queue
[2025-11-14T18:11:30.116+0000] {logging_mixin.py:188} INFO - [2025-11-14T18:11:30.115+0000] {dagbag.py:545} INFO - Filling up the DagBag from /opt/airflow/dags/first_dag.py
[2025-11-14T18:11:30.130+0000] {processor.py:840} INFO - DAG(s) 'first_dag' retrieved from /opt/airflow/dags/first_dag.py
[2025-11-14T18:11:30.215+0000] {logging_mixin.py:188} INFO - [2025-11-14T18:11:30.215+0000] {dag.py:3089} INFO - Sync 1 DAGs
[2025-11-14T18:11:30.236+0000] {logging_mixin.py:188} INFO - [2025-11-14T18:11:30.236+0000] {dag.py:3947} INFO - Setting next_dagrun for first_dag to 2025-11-14 00:00:00+00:00, run_after=2025-11-15 00:00:00+00:00
[2025-11-14T18:11:30.254+0000] {processor.py:183} INFO - Processing /opt/airflow/dags/first_dag.py took 0.146 seconds
[2025-11-14T18:12:00.344+0000] {processor.py:161} INFO - Started process (PID=191) to work on /opt/airflow/dags/first_dag.py
[2025-11-14T18:12:00.345+0000] {processor.py:830} INFO - Processing file /opt/airflow/dags/first_dag.py for tasks to queue
[2025-11-14T18:12:00.348+0000] {logging_mixin.py:188} INFO - [2025-11-14T18:12:00.348+0000] {dagbag.py:545} INFO - Filling up the DagBag from /opt/airflow/dags/first_dag.py
[2025-11-14T18:12:00.359+0000] {processor.py:840} INFO - DAG(s) 'first_dag' retrieved from /opt/airflow/dags/first_dag.py
[2025-11-14T18:12:00.386+0000] {logging_mixin.py:188} INFO - [2025-11-14T18:12:00.386+0000] {dag.py:3089} INFO - Sync 1 DAGs
[2025-11-14T18:12:00.404+0000] {logging_mixin.py:188} INFO - [2025-11-14T18:12:00.404+0000] {dag.py:3947} INFO - Setting next_dagrun for first_dag to 2025-11-14 00:00:00+00:00, run_after=2025-11-15 00:00:00+00:00
[2025-11-14T18:12:00.420+0000] {processor.py:183} INFO - Processing /opt/airflow/dags/first_dag.py took 0.083 seconds
[2025-11-14T18:12:30.556+0000] {processor.py:161} INFO - Started process (PID=201) to work on /opt/airflow/dags/first_dag.py
[2025-11-14T18:12:30.557+0000] {processor.py:830} INFO - Processing file /opt/airflow/dags/first_dag.py for tasks to queue
[2025-11-14T18:12:30.560+0000] {logging_mixin.py:188} INFO - [2025-11-14T18:12:30.560+0000] {dagbag.py:545} INFO - Filling up the DagBag from /opt/airflow/dags/first_dag.py
[2025-11-14T18:12:30.574+0000] {processor.py:840} INFO - DAG(s) 'first_dag' retrieved from /opt/airflow/dags/first_dag.py
[2025-11-14T18:12:30.617+0000] {logging_mixin.py:188} INFO - [2025-11-14T18:12:30.617+0000] {dag.py:3089} INFO - Sync 1 DAGs
[2025-11-14T18:12:30.637+0000] {logging_mixin.py:188} INFO - [2025-11-14T18:12:30.637+0000] {dag.py:3947} INFO - Setting next_dagrun for first_dag to 2025-11-14 00:00:00+00:00, run_after=2025-11-15 00:00:00+00:00
[2025-11-14T18:12:30.656+0000] {processor.py:183} INFO - Processing /opt/airflow/dags/first_dag.py took 0.107 seconds
[2025-11-14T18:13:00.819+0000] {processor.py:161} INFO - Started process (PID=211) to work on /opt/airflow/dags/first_dag.py
[2025-11-14T18:13:00.821+0000] {processor.py:830} INFO - Processing file /opt/airflow/dags/first_dag.py for tasks to queue
[2025-11-14T18:13:00.825+0000] {logging_mixin.py:188} INFO - [2025-11-14T18:13:00.824+0000] {dagbag.py:545} INFO - Filling up the DagBag from /opt/airflow/dags/first_dag.py
[2025-11-14T18:13:00.846+0000] {processor.py:840} INFO - DAG(s) 'first_dag' retrieved from /opt/airflow/dags/first_dag.py
[2025-11-14T18:13:00.883+0000] {logging_mixin.py:188} INFO - [2025-11-14T18:13:00.883+0000] {dag.py:3089} INFO - Sync 1 DAGs
[2025-11-14T18:13:00.904+0000] {logging_mixin.py:188} INFO - [2025-11-14T18:13:00.904+0000] {dag.py:3947} INFO - Setting next_dagrun for first_dag to 2025-11-14 00:00:00+00:00, run_after=2025-11-15 00:00:00+00:00
[2025-11-14T18:13:00.923+0000] {processor.py:183} INFO - Processing /opt/airflow/dags/first_dag.py took 0.115 seconds
[2025-11-14T18:13:31.128+0000] {processor.py:161} INFO - Started process (PID=221) to work on /opt/airflow/dags/first_dag.py
[2025-11-14T18:13:31.131+0000] {processor.py:830} INFO - Processing file /opt/airflow/dags/first_dag.py for tasks to queue
[2025-11-14T18:13:31.134+0000] {logging_mixin.py:188} INFO - [2025-11-14T18:13:31.133+0000] {dagbag.py:545} INFO - Filling up the DagBag from /opt/airflow/dags/first_dag.py
[2025-11-14T18:13:31.149+0000] {processor.py:840} INFO - DAG(s) 'first_dag' retrieved from /opt/airflow/dags/first_dag.py
[2025-11-14T18:13:31.175+0000] {logging_mixin.py:188} INFO - [2025-11-14T18:13:31.175+0000] {dag.py:3089} INFO - Sync 1 DAGs
[2025-11-14T18:13:31.195+0000] {logging_mixin.py:188} INFO - [2025-11-14T18:13:31.195+0000] {dag.py:3947} INFO - Setting next_dagrun for first_dag to 2025-11-14 00:00:00+00:00, run_after=2025-11-15 00:00:00+00:00
[2025-11-14T18:13:31.210+0000] {processor.py:183} INFO - Processing /opt/airflow/dags/first_dag.py took 0.094 seconds
[2025-11-14T18:14:01.360+0000] {processor.py:161} INFO - Started process (PID=231) to work on /opt/airflow/dags/first_dag.py
[2025-11-14T18:14:01.361+0000] {processor.py:830} INFO - Processing file /opt/airflow/dags/first_dag.py for tasks to queue
[2025-11-14T18:14:01.368+0000] {logging_mixin.py:188} INFO - [2025-11-14T18:14:01.368+0000] {dagbag.py:545} INFO - Filling up the DagBag from /opt/airflow/dags/first_dag.py
[2025-11-14T18:14:01.383+0000] {processor.py:840} INFO - DAG(s) 'first_dag' retrieved from /opt/airflow/dags/first_dag.py
[2025-11-14T18:14:01.422+0000] {logging_mixin.py:188} INFO - [2025-11-14T18:14:01.421+0000] {dag.py:3089} INFO - Sync 1 DAGs
[2025-11-14T18:14:01.449+0000] {logging_mixin.py:188} INFO - [2025-11-14T18:14:01.449+0000] {dag.py:3947} INFO - Setting next_dagrun for first_dag to 2025-11-14 00:00:00+00:00, run_after=2025-11-15 00:00:00+00:00
[2025-11-14T18:14:01.470+0000] {processor.py:183} INFO - Processing /opt/airflow/dags/first_dag.py took 0.115 seconds
[2025-11-14T18:14:31.609+0000] {processor.py:161} INFO - Started process (PID=241) to work on /opt/airflow/dags/first_dag.py
[2025-11-14T18:14:31.610+0000] {processor.py:830} INFO - Processing file /opt/airflow/dags/first_dag.py for tasks to queue
[2025-11-14T18:14:31.614+0000] {logging_mixin.py:188} INFO - [2025-11-14T18:14:31.613+0000] {dagbag.py:545} INFO - Filling up the DagBag from /opt/airflow/dags/first_dag.py
[2025-11-14T18:14:31.627+0000] {processor.py:840} INFO - DAG(s) 'first_dag' retrieved from /opt/airflow/dags/first_dag.py
[2025-11-14T18:14:31.652+0000] {logging_mixin.py:188} INFO - [2025-11-14T18:14:31.651+0000] {dag.py:3089} INFO - Sync 1 DAGs
[2025-11-14T18:14:31.669+0000] {logging_mixin.py:188} INFO - [2025-11-14T18:14:31.669+0000] {dag.py:3947} INFO - Setting next_dagrun for first_dag to 2025-11-14 00:00:00+00:00, run_after=2025-11-15 00:00:00+00:00
[2025-11-14T18:14:31.684+0000] {processor.py:183} INFO - Processing /opt/airflow/dags/first_dag.py took 0.089 seconds
[2025-11-14T18:15:01.843+0000] {processor.py:161} INFO - Started process (PID=251) to work on /opt/airflow/dags/first_dag.py
[2025-11-14T18:15:01.847+0000] {processor.py:830} INFO - Processing file /opt/airflow/dags/first_dag.py for tasks to queue
[2025-11-14T18:15:01.852+0000] {logging_mixin.py:188} INFO - [2025-11-14T18:15:01.851+0000] {dagbag.py:545} INFO - Filling up the DagBag from /opt/airflow/dags/first_dag.py
[2025-11-14T18:15:01.885+0000] {processor.py:840} INFO - DAG(s) 'first_dag' retrieved from /opt/airflow/dags/first_dag.py
[2025-11-14T18:15:01.924+0000] {logging_mixin.py:188} INFO - [2025-11-14T18:15:01.924+0000] {dag.py:3089} INFO - Sync 1 DAGs
[2025-11-14T18:15:01.962+0000] {logging_mixin.py:188} INFO - [2025-11-14T18:15:01.962+0000] {dag.py:3947} INFO - Setting next_dagrun for first_dag to 2025-11-14 00:00:00+00:00, run_after=2025-11-15 00:00:00+00:00
[2025-11-14T18:15:01.982+0000] {processor.py:183} INFO - Processing /opt/airflow/dags/first_dag.py took 0.155 seconds
[2025-11-14T18:15:32.144+0000] {processor.py:161} INFO - Started process (PID=261) to work on /opt/airflow/dags/first_dag.py
[2025-11-14T18:15:32.145+0000] {processor.py:830} INFO - Processing file /opt/airflow/dags/first_dag.py for tasks to queue
[2025-11-14T18:15:32.149+0000] {logging_mixin.py:188} INFO - [2025-11-14T18:15:32.148+0000] {dagbag.py:545} INFO - Filling up the DagBag from /opt/airflow/dags/first_dag.py
[2025-11-14T18:15:32.165+0000] {processor.py:840} INFO - DAG(s) 'first_dag' retrieved from /opt/airflow/dags/first_dag.py
[2025-11-14T18:15:32.192+0000] {logging_mixin.py:188} INFO - [2025-11-14T18:15:32.192+0000] {dag.py:3089} INFO - Sync 1 DAGs
[2025-11-14T18:15:32.210+0000] {logging_mixin.py:188} INFO - [2025-11-14T18:15:32.210+0000] {dag.py:3947} INFO - Setting next_dagrun for first_dag to 2025-11-14 00:00:00+00:00, run_after=2025-11-15 00:00:00+00:00
[2025-11-14T18:15:32.227+0000] {processor.py:183} INFO - Processing /opt/airflow/dags/first_dag.py took 0.099 seconds
[2025-11-14T18:16:02.435+0000] {processor.py:161} INFO - Started process (PID=278) to work on /opt/airflow/dags/first_dag.py
[2025-11-14T18:16:02.436+0000] {processor.py:830} INFO - Processing file /opt/airflow/dags/first_dag.py for tasks to queue
[2025-11-14T18:16:02.438+0000] {logging_mixin.py:188} INFO - [2025-11-14T18:16:02.437+0000] {dagbag.py:545} INFO - Filling up the DagBag from /opt/airflow/dags/first_dag.py
[2025-11-14T18:16:02.450+0000] {processor.py:840} INFO - DAG(s) 'first_dag' retrieved from /opt/airflow/dags/first_dag.py
[2025-11-14T18:16:02.484+0000] {logging_mixin.py:188} INFO - [2025-11-14T18:16:02.483+0000] {dag.py:3089} INFO - Sync 1 DAGs
[2025-11-14T18:16:02.510+0000] {logging_mixin.py:188} INFO - [2025-11-14T18:16:02.510+0000] {dag.py:3947} INFO - Setting next_dagrun for first_dag to 2025-11-14 00:00:00+00:00, run_after=2025-11-15 00:00:00+00:00
[2025-11-14T18:16:02.540+0000] {processor.py:183} INFO - Processing /opt/airflow/dags/first_dag.py took 0.115 seconds
[2025-11-14T18:16:32.746+0000] {processor.py:161} INFO - Started process (PID=290) to work on /opt/airflow/dags/first_dag.py
[2025-11-14T18:16:32.747+0000] {processor.py:830} INFO - Processing file /opt/airflow/dags/first_dag.py for tasks to queue
[2025-11-14T18:16:32.752+0000] {logging_mixin.py:188} INFO - [2025-11-14T18:16:32.751+0000] {dagbag.py:545} INFO - Filling up the DagBag from /opt/airflow/dags/first_dag.py
[2025-11-14T18:16:32.766+0000] {processor.py:840} INFO - DAG(s) 'first_dag' retrieved from /opt/airflow/dags/first_dag.py
[2025-11-14T18:16:32.789+0000] {logging_mixin.py:188} INFO - [2025-11-14T18:16:32.789+0000] {dag.py:3089} INFO - Sync 1 DAGs
[2025-11-14T18:16:32.809+0000] {logging_mixin.py:188} INFO - [2025-11-14T18:16:32.808+0000] {dag.py:3947} INFO - Setting next_dagrun for first_dag to 2025-11-14 00:00:00+00:00, run_after=2025-11-15 00:00:00+00:00
[2025-11-14T18:16:32.823+0000] {processor.py:183} INFO - Processing /opt/airflow/dags/first_dag.py took 0.096 seconds
[2025-11-14T18:17:03.014+0000] {processor.py:161} INFO - Started process (PID=300) to work on /opt/airflow/dags/first_dag.py
[2025-11-14T18:17:03.016+0000] {processor.py:830} INFO - Processing file /opt/airflow/dags/first_dag.py for tasks to queue
[2025-11-14T18:17:03.023+0000] {logging_mixin.py:188} INFO - [2025-11-14T18:17:03.023+0000] {dagbag.py:545} INFO - Filling up the DagBag from /opt/airflow/dags/first_dag.py
[2025-11-14T18:17:03.047+0000] {processor.py:840} INFO - DAG(s) 'first_dag' retrieved from /opt/airflow/dags/first_dag.py
[2025-11-14T18:17:03.090+0000] {logging_mixin.py:188} INFO - [2025-11-14T18:17:03.090+0000] {dag.py:3089} INFO - Sync 1 DAGs
[2025-11-14T18:17:03.108+0000] {logging_mixin.py:188} INFO - [2025-11-14T18:17:03.108+0000] {dag.py:3947} INFO - Setting next_dagrun for first_dag to 2025-11-14 00:00:00+00:00, run_after=2025-11-15 00:00:00+00:00
[2025-11-14T18:17:03.133+0000] {processor.py:183} INFO - Processing /opt/airflow/dags/first_dag.py took 0.134 seconds
[2025-11-14T18:17:33.319+0000] {processor.py:161} INFO - Started process (PID=310) to work on /opt/airflow/dags/first_dag.py
[2025-11-14T18:17:33.319+0000] {processor.py:830} INFO - Processing file /opt/airflow/dags/first_dag.py for tasks to queue
[2025-11-14T18:17:33.321+0000] {logging_mixin.py:188} INFO - [2025-11-14T18:17:33.321+0000] {dagbag.py:545} INFO - Filling up the DagBag from /opt/airflow/dags/first_dag.py
[2025-11-14T18:17:33.330+0000] {processor.py:840} INFO - DAG(s) 'first_dag' retrieved from /opt/airflow/dags/first_dag.py
[2025-11-14T18:17:33.362+0000] {logging_mixin.py:188} INFO - [2025-11-14T18:17:33.362+0000] {dag.py:3089} INFO - Sync 1 DAGs
[2025-11-14T18:17:33.388+0000] {logging_mixin.py:188} INFO - [2025-11-14T18:17:33.387+0000] {dag.py:3947} INFO - Setting next_dagrun for first_dag to 2025-11-14 00:00:00+00:00, run_after=2025-11-15 00:00:00+00:00
[2025-11-14T18:17:33.405+0000] {processor.py:183} INFO - Processing /opt/airflow/dags/first_dag.py took 0.093 seconds
[2025-11-14T18:18:03.576+0000] {processor.py:161} INFO - Started process (PID=320) to work on /opt/airflow/dags/first_dag.py
[2025-11-14T18:18:03.577+0000] {processor.py:830} INFO - Processing file /opt/airflow/dags/first_dag.py for tasks to queue
[2025-11-14T18:18:03.579+0000] {logging_mixin.py:188} INFO - [2025-11-14T18:18:03.579+0000] {dagbag.py:545} INFO - Filling up the DagBag from /opt/airflow/dags/first_dag.py
[2025-11-14T18:18:03.588+0000] {processor.py:840} INFO - DAG(s) 'first_dag' retrieved from /opt/airflow/dags/first_dag.py
[2025-11-14T18:18:03.610+0000] {logging_mixin.py:188} INFO - [2025-11-14T18:18:03.610+0000] {dag.py:3089} INFO - Sync 1 DAGs
[2025-11-14T18:18:03.627+0000] {logging_mixin.py:188} INFO - [2025-11-14T18:18:03.627+0000] {dag.py:3947} INFO - Setting next_dagrun for first_dag to 2025-11-14 00:00:00+00:00, run_after=2025-11-15 00:00:00+00:00
[2025-11-14T18:18:03.641+0000] {processor.py:183} INFO - Processing /opt/airflow/dags/first_dag.py took 0.071 seconds
[2025-11-14T18:18:33.829+0000] {processor.py:161} INFO - Started process (PID=330) to work on /opt/airflow/dags/first_dag.py
[2025-11-14T18:18:33.831+0000] {processor.py:830} INFO - Processing file /opt/airflow/dags/first_dag.py for tasks to queue
[2025-11-14T18:18:33.836+0000] {logging_mixin.py:188} INFO - [2025-11-14T18:18:33.835+0000] {dagbag.py:545} INFO - Filling up the DagBag from /opt/airflow/dags/first_dag.py
[2025-11-14T18:18:33.857+0000] {processor.py:840} INFO - DAG(s) 'first_dag' retrieved from /opt/airflow/dags/first_dag.py
[2025-11-14T18:18:33.884+0000] {logging_mixin.py:188} INFO - [2025-11-14T18:18:33.883+0000] {dag.py:3089} INFO - Sync 1 DAGs
[2025-11-14T18:18:33.902+0000] {logging_mixin.py:188} INFO - [2025-11-14T18:18:33.902+0000] {dag.py:3947} INFO - Setting next_dagrun for first_dag to 2025-11-14 00:00:00+00:00, run_after=2025-11-15 00:00:00+00:00
[2025-11-14T18:18:33.917+0000] {processor.py:183} INFO - Processing /opt/airflow/dags/first_dag.py took 0.103 seconds
[2025-11-14T18:19:04.090+0000] {processor.py:161} INFO - Started process (PID=340) to work on /opt/airflow/dags/first_dag.py
[2025-11-14T18:19:04.091+0000] {processor.py:830} INFO - Processing file /opt/airflow/dags/first_dag.py for tasks to queue
[2025-11-14T18:19:04.093+0000] {logging_mixin.py:188} INFO - [2025-11-14T18:19:04.093+0000] {dagbag.py:545} INFO - Filling up the DagBag from /opt/airflow/dags/first_dag.py
[2025-11-14T18:19:04.106+0000] {processor.py:840} INFO - DAG(s) 'first_dag' retrieved from /opt/airflow/dags/first_dag.py
[2025-11-14T18:19:04.130+0000] {logging_mixin.py:188} INFO - [2025-11-14T18:19:04.130+0000] {dag.py:3089} INFO - Sync 1 DAGs
[2025-11-14T18:19:04.149+0000] {logging_mixin.py:188} INFO - [2025-11-14T18:19:04.149+0000] {dag.py:3947} INFO - Setting next_dagrun for first_dag to 2025-11-14 00:00:00+00:00, run_after=2025-11-15 00:00:00+00:00
[2025-11-14T18:19:04.171+0000] {processor.py:183} INFO - Processing /opt/airflow/dags/first_dag.py took 0.088 seconds
[2025-11-14T18:19:34.361+0000] {processor.py:161} INFO - Started process (PID=350) to work on /opt/airflow/dags/first_dag.py
[2025-11-14T18:19:34.362+0000] {processor.py:830} INFO - Processing file /opt/airflow/dags/first_dag.py for tasks to queue
[2025-11-14T18:19:34.364+0000] {logging_mixin.py:188} INFO - [2025-11-14T18:19:34.363+0000] {dagbag.py:545} INFO - Filling up the DagBag from /opt/airflow/dags/first_dag.py
[2025-11-14T18:19:34.376+0000] {processor.py:840} INFO - DAG(s) 'first_dag' retrieved from /opt/airflow/dags/first_dag.py
[2025-11-14T18:19:34.408+0000] {logging_mixin.py:188} INFO - [2025-11-14T18:19:34.407+0000] {dag.py:3089} INFO - Sync 1 DAGs
[2025-11-14T18:19:34.428+0000] {logging_mixin.py:188} INFO - [2025-11-14T18:19:34.428+0000] {dag.py:3947} INFO - Setting next_dagrun for first_dag to 2025-11-14 00:00:00+00:00, run_after=2025-11-15 00:00:00+00:00
[2025-11-14T18:19:34.446+0000] {processor.py:183} INFO - Processing /opt/airflow/dags/first_dag.py took 0.090 seconds
[2025-11-14T18:20:04.634+0000] {processor.py:161} INFO - Started process (PID=360) to work on /opt/airflow/dags/first_dag.py
[2025-11-14T18:20:04.635+0000] {processor.py:830} INFO - Processing file /opt/airflow/dags/first_dag.py for tasks to queue
[2025-11-14T18:20:04.637+0000] {logging_mixin.py:188} INFO - [2025-11-14T18:20:04.636+0000] {dagbag.py:545} INFO - Filling up the DagBag from /opt/airflow/dags/first_dag.py
[2025-11-14T18:20:04.645+0000] {processor.py:840} INFO - DAG(s) 'first_dag' retrieved from /opt/airflow/dags/first_dag.py
[2025-11-14T18:20:04.668+0000] {logging_mixin.py:188} INFO - [2025-11-14T18:20:04.667+0000] {dag.py:3089} INFO - Sync 1 DAGs
[2025-11-14T18:20:04.685+0000] {logging_mixin.py:188} INFO - [2025-11-14T18:20:04.685+0000] {dag.py:3947} INFO - Setting next_dagrun for first_dag to 2025-11-14 00:00:00+00:00, run_after=2025-11-15 00:00:00+00:00
[2025-11-14T18:20:04.699+0000] {processor.py:183} INFO - Processing /opt/airflow/dags/first_dag.py took 0.069 seconds
[2025-11-14T18:20:34.881+0000] {processor.py:161} INFO - Started process (PID=370) to work on /opt/airflow/dags/first_dag.py
[2025-11-14T18:20:34.882+0000] {processor.py:830} INFO - Processing file /opt/airflow/dags/first_dag.py for tasks to queue
[2025-11-14T18:20:34.884+0000] {logging_mixin.py:188} INFO - [2025-11-14T18:20:34.884+0000] {dagbag.py:545} INFO - Filling up the DagBag from /opt/airflow/dags/first_dag.py
[2025-11-14T18:20:34.895+0000] {processor.py:840} INFO - DAG(s) 'first_dag' retrieved from /opt/airflow/dags/first_dag.py
[2025-11-14T18:20:34.920+0000] {logging_mixin.py:188} INFO - [2025-11-14T18:20:34.920+0000] {dag.py:3089} INFO - Sync 1 DAGs
[2025-11-14T18:20:34.942+0000] {logging_mixin.py:188} INFO - [2025-11-14T18:20:34.942+0000] {dag.py:3947} INFO - Setting next_dagrun for first_dag to 2025-11-14 00:00:00+00:00, run_after=2025-11-15 00:00:00+00:00
[2025-11-14T18:20:34.961+0000] {processor.py:183} INFO - Processing /opt/airflow/dags/first_dag.py took 0.088 seconds
[2025-11-14T18:21:05.231+0000] {processor.py:161} INFO - Started process (PID=380) to work on /opt/airflow/dags/first_dag.py
[2025-11-14T18:21:05.233+0000] {processor.py:830} INFO - Processing file /opt/airflow/dags/first_dag.py for tasks to queue
[2025-11-14T18:21:05.244+0000] {logging_mixin.py:188} INFO - [2025-11-14T18:21:05.242+0000] {dagbag.py:545} INFO - Filling up the DagBag from /opt/airflow/dags/first_dag.py
[2025-11-14T18:21:05.271+0000] {processor.py:840} INFO - DAG(s) 'first_dag' retrieved from /opt/airflow/dags/first_dag.py
[2025-11-14T18:21:05.306+0000] {logging_mixin.py:188} INFO - [2025-11-14T18:21:05.306+0000] {dag.py:3089} INFO - Sync 1 DAGs
[2025-11-14T18:21:05.329+0000] {logging_mixin.py:188} INFO - [2025-11-14T18:21:05.329+0000] {dag.py:3947} INFO - Setting next_dagrun for first_dag to 2025-11-14 00:00:00+00:00, run_after=2025-11-15 00:00:00+00:00
[2025-11-14T18:21:05.344+0000] {processor.py:183} INFO - Processing /opt/airflow/dags/first_dag.py took 0.128 seconds
[2025-11-14T18:21:35.552+0000] {processor.py:161} INFO - Started process (PID=390) to work on /opt/airflow/dags/first_dag.py
[2025-11-14T18:21:35.554+0000] {processor.py:830} INFO - Processing file /opt/airflow/dags/first_dag.py for tasks to queue
[2025-11-14T18:21:35.556+0000] {logging_mixin.py:188} INFO - [2025-11-14T18:21:35.555+0000] {dagbag.py:545} INFO - Filling up the DagBag from /opt/airflow/dags/first_dag.py
[2025-11-14T18:21:35.564+0000] {processor.py:840} INFO - DAG(s) 'first_dag' retrieved from /opt/airflow/dags/first_dag.py
[2025-11-14T18:21:35.588+0000] {logging_mixin.py:188} INFO - [2025-11-14T18:21:35.588+0000] {dag.py:3089} INFO - Sync 1 DAGs
[2025-11-14T18:21:35.606+0000] {logging_mixin.py:188} INFO - [2025-11-14T18:21:35.606+0000] {dag.py:3947} INFO - Setting next_dagrun for first_dag to 2025-11-14 00:00:00+00:00, run_after=2025-11-15 00:00:00+00:00
[2025-11-14T18:21:35.621+0000] {processor.py:183} INFO - Processing /opt/airflow/dags/first_dag.py took 0.079 seconds
[2025-11-14T18:22:05.800+0000] {processor.py:161} INFO - Started process (PID=400) to work on /opt/airflow/dags/first_dag.py
[2025-11-14T18:22:05.801+0000] {processor.py:830} INFO - Processing file /opt/airflow/dags/first_dag.py for tasks to queue
[2025-11-14T18:22:05.803+0000] {logging_mixin.py:188} INFO - [2025-11-14T18:22:05.803+0000] {dagbag.py:545} INFO - Filling up the DagBag from /opt/airflow/dags/first_dag.py
[2025-11-14T18:22:05.812+0000] {processor.py:840} INFO - DAG(s) 'first_dag' retrieved from /opt/airflow/dags/first_dag.py
[2025-11-14T18:22:05.838+0000] {logging_mixin.py:188} INFO - [2025-11-14T18:22:05.837+0000] {dag.py:3089} INFO - Sync 1 DAGs
[2025-11-14T18:22:05.863+0000] {logging_mixin.py:188} INFO - [2025-11-14T18:22:05.863+0000] {dag.py:3947} INFO - Setting next_dagrun for first_dag to 2025-11-14 00:00:00+00:00, run_after=2025-11-15 00:00:00+00:00
[2025-11-14T18:22:05.883+0000] {processor.py:183} INFO - Processing /opt/airflow/dags/first_dag.py took 0.091 seconds
[2025-11-14T18:22:36.056+0000] {processor.py:161} INFO - Started process (PID=410) to work on /opt/airflow/dags/first_dag.py
[2025-11-14T18:22:36.057+0000] {processor.py:830} INFO - Processing file /opt/airflow/dags/first_dag.py for tasks to queue
[2025-11-14T18:22:36.059+0000] {logging_mixin.py:188} INFO - [2025-11-14T18:22:36.058+0000] {dagbag.py:545} INFO - Filling up the DagBag from /opt/airflow/dags/first_dag.py
[2025-11-14T18:22:36.071+0000] {processor.py:840} INFO - DAG(s) 'first_dag' retrieved from /opt/airflow/dags/first_dag.py
[2025-11-14T18:22:36.094+0000] {logging_mixin.py:188} INFO - [2025-11-14T18:22:36.093+0000] {dag.py:3089} INFO - Sync 1 DAGs
[2025-11-14T18:22:36.112+0000] {logging_mixin.py:188} INFO - [2025-11-14T18:22:36.112+0000] {dag.py:3947} INFO - Setting next_dagrun for first_dag to 2025-11-14 00:00:00+00:00, run_after=2025-11-15 00:00:00+00:00
[2025-11-14T18:22:36.127+0000] {processor.py:183} INFO - Processing /opt/airflow/dags/first_dag.py took 0.080 seconds
[2025-11-14T18:23:06.347+0000] {processor.py:161} INFO - Started process (PID=420) to work on /opt/airflow/dags/first_dag.py
[2025-11-14T18:23:06.348+0000] {processor.py:830} INFO - Processing file /opt/airflow/dags/first_dag.py for tasks to queue
[2025-11-14T18:23:06.351+0000] {logging_mixin.py:188} INFO - [2025-11-14T18:23:06.351+0000] {dagbag.py:545} INFO - Filling up the DagBag from /opt/airflow/dags/first_dag.py
[2025-11-14T18:23:06.365+0000] {processor.py:840} INFO - DAG(s) 'first_dag' retrieved from /opt/airflow/dags/first_dag.py
[2025-11-14T18:23:06.397+0000] {logging_mixin.py:188} INFO - [2025-11-14T18:23:06.397+0000] {dag.py:3089} INFO - Sync 1 DAGs
[2025-11-14T18:23:06.416+0000] {logging_mixin.py:188} INFO - [2025-11-14T18:23:06.416+0000] {dag.py:3947} INFO - Setting next_dagrun for first_dag to 2025-11-14 00:00:00+00:00, run_after=2025-11-15 00:00:00+00:00
[2025-11-14T18:23:06.432+0000] {processor.py:183} INFO - Processing /opt/airflow/dags/first_dag.py took 0.096 seconds
[2025-11-14T18:23:36.645+0000] {processor.py:161} INFO - Started process (PID=430) to work on /opt/airflow/dags/first_dag.py
[2025-11-14T18:23:36.646+0000] {processor.py:830} INFO - Processing file /opt/airflow/dags/first_dag.py for tasks to queue
[2025-11-14T18:23:36.648+0000] {logging_mixin.py:188} INFO - [2025-11-14T18:23:36.647+0000] {dagbag.py:545} INFO - Filling up the DagBag from /opt/airflow/dags/first_dag.py
[2025-11-14T18:23:36.658+0000] {processor.py:840} INFO - DAG(s) 'first_dag' retrieved from /opt/airflow/dags/first_dag.py
[2025-11-14T18:23:36.686+0000] {logging_mixin.py:188} INFO - [2025-11-14T18:23:36.686+0000] {dag.py:3089} INFO - Sync 1 DAGs
[2025-11-14T18:23:36.708+0000] {logging_mixin.py:188} INFO - [2025-11-14T18:23:36.708+0000] {dag.py:3947} INFO - Setting next_dagrun for first_dag to 2025-11-14 00:00:00+00:00, run_after=2025-11-15 00:00:00+00:00
[2025-11-14T18:23:36.728+0000] {processor.py:183} INFO - Processing /opt/airflow/dags/first_dag.py took 0.088 seconds
[2025-11-14T18:24:06.899+0000] {processor.py:161} INFO - Started process (PID=440) to work on /opt/airflow/dags/first_dag.py
[2025-11-14T18:24:06.900+0000] {processor.py:830} INFO - Processing file /opt/airflow/dags/first_dag.py for tasks to queue
[2025-11-14T18:24:06.902+0000] {logging_mixin.py:188} INFO - [2025-11-14T18:24:06.902+0000] {dagbag.py:545} INFO - Filling up the DagBag from /opt/airflow/dags/first_dag.py
[2025-11-14T18:24:06.914+0000] {processor.py:840} INFO - DAG(s) 'first_dag' retrieved from /opt/airflow/dags/first_dag.py
[2025-11-14T18:24:06.938+0000] {logging_mixin.py:188} INFO - [2025-11-14T18:24:06.938+0000] {dag.py:3089} INFO - Sync 1 DAGs
[2025-11-14T18:24:06.956+0000] {logging_mixin.py:188} INFO - [2025-11-14T18:24:06.956+0000] {dag.py:3947} INFO - Setting next_dagrun for first_dag to 2025-11-14 00:00:00+00:00, run_after=2025-11-15 00:00:00+00:00
[2025-11-14T18:24:06.971+0000] {processor.py:183} INFO - Processing /opt/airflow/dags/first_dag.py took 0.081 seconds
[2025-11-14T18:24:37.142+0000] {processor.py:161} INFO - Started process (PID=450) to work on /opt/airflow/dags/first_dag.py
[2025-11-14T18:24:37.143+0000] {processor.py:830} INFO - Processing file /opt/airflow/dags/first_dag.py for tasks to queue
[2025-11-14T18:24:37.145+0000] {logging_mixin.py:188} INFO - [2025-11-14T18:24:37.145+0000] {dagbag.py:545} INFO - Filling up the DagBag from /opt/airflow/dags/first_dag.py
[2025-11-14T18:24:37.153+0000] {processor.py:840} INFO - DAG(s) 'first_dag' retrieved from /opt/airflow/dags/first_dag.py
[2025-11-14T18:24:37.177+0000] {logging_mixin.py:188} INFO - [2025-11-14T18:24:37.176+0000] {dag.py:3089} INFO - Sync 1 DAGs
[2025-11-14T18:24:37.194+0000] {logging_mixin.py:188} INFO - [2025-11-14T18:24:37.194+0000] {dag.py:3947} INFO - Setting next_dagrun for first_dag to 2025-11-14 00:00:00+00:00, run_after=2025-11-15 00:00:00+00:00
[2025-11-14T18:24:37.207+0000] {processor.py:183} INFO - Processing /opt/airflow/dags/first_dag.py took 0.076 seconds
[2025-11-14T18:25:07.409+0000] {processor.py:161} INFO - Started process (PID=460) to work on /opt/airflow/dags/first_dag.py
[2025-11-14T18:25:07.411+0000] {processor.py:830} INFO - Processing file /opt/airflow/dags/first_dag.py for tasks to queue
[2025-11-14T18:25:07.416+0000] {logging_mixin.py:188} INFO - [2025-11-14T18:25:07.416+0000] {dagbag.py:545} INFO - Filling up the DagBag from /opt/airflow/dags/first_dag.py
[2025-11-14T18:25:07.434+0000] {processor.py:840} INFO - DAG(s) 'first_dag' retrieved from /opt/airflow/dags/first_dag.py
[2025-11-14T18:25:07.460+0000] {logging_mixin.py:188} INFO - [2025-11-14T18:25:07.459+0000] {dag.py:3089} INFO - Sync 1 DAGs
[2025-11-14T18:25:07.481+0000] {logging_mixin.py:188} INFO - [2025-11-14T18:25:07.481+0000] {dag.py:3947} INFO - Setting next_dagrun for first_dag to 2025-11-14 00:00:00+00:00, run_after=2025-11-15 00:00:00+00:00
[2025-11-14T18:25:07.499+0000] {processor.py:183} INFO - Processing /opt/airflow/dags/first_dag.py took 0.105 seconds
[2025-11-14T18:25:37.707+0000] {processor.py:161} INFO - Started process (PID=470) to work on /opt/airflow/dags/first_dag.py
[2025-11-14T18:25:37.709+0000] {processor.py:830} INFO - Processing file /opt/airflow/dags/first_dag.py for tasks to queue
[2025-11-14T18:25:37.715+0000] {logging_mixin.py:188} INFO - [2025-11-14T18:25:37.713+0000] {dagbag.py:545} INFO - Filling up the DagBag from /opt/airflow/dags/first_dag.py
[2025-11-14T18:25:37.736+0000] {processor.py:840} INFO - DAG(s) 'first_dag' retrieved from /opt/airflow/dags/first_dag.py
[2025-11-14T18:25:37.760+0000] {logging_mixin.py:188} INFO - [2025-11-14T18:25:37.760+0000] {dag.py:3089} INFO - Sync 1 DAGs
[2025-11-14T18:25:37.777+0000] {logging_mixin.py:188} INFO - [2025-11-14T18:25:37.777+0000] {dag.py:3947} INFO - Setting next_dagrun for first_dag to 2025-11-14 00:00:00+00:00, run_after=2025-11-15 00:00:00+00:00
[2025-11-14T18:25:37.790+0000] {processor.py:183} INFO - Processing /opt/airflow/dags/first_dag.py took 0.097 seconds
[2025-11-14T18:26:07.987+0000] {processor.py:161} INFO - Started process (PID=480) to work on /opt/airflow/dags/first_dag.py
[2025-11-14T18:26:07.987+0000] {processor.py:830} INFO - Processing file /opt/airflow/dags/first_dag.py for tasks to queue
[2025-11-14T18:26:07.989+0000] {logging_mixin.py:188} INFO - [2025-11-14T18:26:07.989+0000] {dagbag.py:545} INFO - Filling up the DagBag from /opt/airflow/dags/first_dag.py
[2025-11-14T18:26:07.999+0000] {processor.py:840} INFO - DAG(s) 'first_dag' retrieved from /opt/airflow/dags/first_dag.py
[2025-11-14T18:26:08.021+0000] {logging_mixin.py:188} INFO - [2025-11-14T18:26:08.021+0000] {dag.py:3089} INFO - Sync 1 DAGs
[2025-11-14T18:26:08.039+0000] {logging_mixin.py:188} INFO - [2025-11-14T18:26:08.039+0000] {dag.py:3947} INFO - Setting next_dagrun for first_dag to 2025-11-14 00:00:00+00:00, run_after=2025-11-15 00:00:00+00:00
[2025-11-14T18:26:08.052+0000] {processor.py:183} INFO - Processing /opt/airflow/dags/first_dag.py took 0.075 seconds
[2025-11-14T18:26:38.229+0000] {processor.py:161} INFO - Started process (PID=490) to work on /opt/airflow/dags/first_dag.py
[2025-11-14T18:26:38.229+0000] {processor.py:830} INFO - Processing file /opt/airflow/dags/first_dag.py for tasks to queue
[2025-11-14T18:26:38.231+0000] {logging_mixin.py:188} INFO - [2025-11-14T18:26:38.231+0000] {dagbag.py:545} INFO - Filling up the DagBag from /opt/airflow/dags/first_dag.py
[2025-11-14T18:26:38.239+0000] {processor.py:840} INFO - DAG(s) 'first_dag' retrieved from /opt/airflow/dags/first_dag.py
[2025-11-14T18:26:38.261+0000] {logging_mixin.py:188} INFO - [2025-11-14T18:26:38.261+0000] {dag.py:3089} INFO - Sync 1 DAGs
[2025-11-14T18:26:38.278+0000] {logging_mixin.py:188} INFO - [2025-11-14T18:26:38.278+0000] {dag.py:3947} INFO - Setting next_dagrun for first_dag to 2025-11-14 00:00:00+00:00, run_after=2025-11-15 00:00:00+00:00
[2025-11-14T18:26:38.293+0000] {processor.py:183} INFO - Processing /opt/airflow/dags/first_dag.py took 0.070 seconds
[2025-11-14T18:27:08.490+0000] {processor.py:161} INFO - Started process (PID=500) to work on /opt/airflow/dags/first_dag.py
[2025-11-14T18:27:08.491+0000] {processor.py:830} INFO - Processing file /opt/airflow/dags/first_dag.py for tasks to queue
[2025-11-14T18:27:08.494+0000] {logging_mixin.py:188} INFO - [2025-11-14T18:27:08.493+0000] {dagbag.py:545} INFO - Filling up the DagBag from /opt/airflow/dags/first_dag.py
[2025-11-14T18:27:08.503+0000] {processor.py:840} INFO - DAG(s) 'first_dag' retrieved from /opt/airflow/dags/first_dag.py
[2025-11-14T18:27:08.524+0000] {logging_mixin.py:188} INFO - [2025-11-14T18:27:08.524+0000] {dag.py:3089} INFO - Sync 1 DAGs
[2025-11-14T18:27:08.542+0000] {logging_mixin.py:188} INFO - [2025-11-14T18:27:08.542+0000] {dag.py:3947} INFO - Setting next_dagrun for first_dag to 2025-11-14 00:00:00+00:00, run_after=2025-11-15 00:00:00+00:00
[2025-11-14T18:27:08.556+0000] {processor.py:183} INFO - Processing /opt/airflow/dags/first_dag.py took 0.079 seconds
[2025-11-14T18:27:38.749+0000] {processor.py:161} INFO - Started process (PID=510) to work on /opt/airflow/dags/first_dag.py
[2025-11-14T18:27:38.749+0000] {processor.py:830} INFO - Processing file /opt/airflow/dags/first_dag.py for tasks to queue
[2025-11-14T18:27:38.751+0000] {logging_mixin.py:188} INFO - [2025-11-14T18:27:38.751+0000] {dagbag.py:545} INFO - Filling up the DagBag from /opt/airflow/dags/first_dag.py
[2025-11-14T18:27:38.759+0000] {processor.py:840} INFO - DAG(s) 'first_dag' retrieved from /opt/airflow/dags/first_dag.py
[2025-11-14T18:27:38.781+0000] {logging_mixin.py:188} INFO - [2025-11-14T18:27:38.781+0000] {dag.py:3089} INFO - Sync 1 DAGs
[2025-11-14T18:27:38.798+0000] {logging_mixin.py:188} INFO - [2025-11-14T18:27:38.798+0000] {dag.py:3947} INFO - Setting next_dagrun for first_dag to 2025-11-14 00:00:00+00:00, run_after=2025-11-15 00:00:00+00:00
[2025-11-14T18:27:38.812+0000] {processor.py:183} INFO - Processing /opt/airflow/dags/first_dag.py took 0.071 seconds
[2025-11-14T18:28:09.008+0000] {processor.py:161} INFO - Started process (PID=520) to work on /opt/airflow/dags/first_dag.py
[2025-11-14T18:28:09.009+0000] {processor.py:830} INFO - Processing file /opt/airflow/dags/first_dag.py for tasks to queue
[2025-11-14T18:28:09.011+0000] {logging_mixin.py:188} INFO - [2025-11-14T18:28:09.011+0000] {dagbag.py:545} INFO - Filling up the DagBag from /opt/airflow/dags/first_dag.py
[2025-11-14T18:28:09.020+0000] {processor.py:840} INFO - DAG(s) 'first_dag' retrieved from /opt/airflow/dags/first_dag.py
[2025-11-14T18:28:09.041+0000] {logging_mixin.py:188} INFO - [2025-11-14T18:28:09.041+0000] {dag.py:3089} INFO - Sync 1 DAGs
[2025-11-14T18:28:09.058+0000] {logging_mixin.py:188} INFO - [2025-11-14T18:28:09.058+0000] {dag.py:3947} INFO - Setting next_dagrun for first_dag to 2025-11-14 00:00:00+00:00, run_after=2025-11-15 00:00:00+00:00
[2025-11-14T18:28:09.073+0000] {processor.py:183} INFO - Processing /opt/airflow/dags/first_dag.py took 0.072 seconds
[2025-11-14T18:28:39.256+0000] {processor.py:161} INFO - Started process (PID=530) to work on /opt/airflow/dags/first_dag.py
[2025-11-14T18:28:39.257+0000] {processor.py:830} INFO - Processing file /opt/airflow/dags/first_dag.py for tasks to queue
[2025-11-14T18:28:39.259+0000] {logging_mixin.py:188} INFO - [2025-11-14T18:28:39.258+0000] {dagbag.py:545} INFO - Filling up the DagBag from /opt/airflow/dags/first_dag.py
[2025-11-14T18:28:39.269+0000] {processor.py:840} INFO - DAG(s) 'first_dag' retrieved from /opt/airflow/dags/first_dag.py
[2025-11-14T18:28:39.291+0000] {logging_mixin.py:188} INFO - [2025-11-14T18:28:39.291+0000] {dag.py:3089} INFO - Sync 1 DAGs
[2025-11-14T18:28:39.308+0000] {logging_mixin.py:188} INFO - [2025-11-14T18:28:39.308+0000] {dag.py:3947} INFO - Setting next_dagrun for first_dag to 2025-11-14 00:00:00+00:00, run_after=2025-11-15 00:00:00+00:00
[2025-11-14T18:28:39.322+0000] {processor.py:183} INFO - Processing /opt/airflow/dags/first_dag.py took 0.072 seconds
[2025-11-14T18:29:09.487+0000] {processor.py:161} INFO - Started process (PID=540) to work on /opt/airflow/dags/first_dag.py
[2025-11-14T18:29:09.488+0000] {processor.py:830} INFO - Processing file /opt/airflow/dags/first_dag.py for tasks to queue
[2025-11-14T18:29:09.490+0000] {logging_mixin.py:188} INFO - [2025-11-14T18:29:09.490+0000] {dagbag.py:545} INFO - Filling up the DagBag from /opt/airflow/dags/first_dag.py
[2025-11-14T18:29:09.498+0000] {processor.py:840} INFO - DAG(s) 'first_dag' retrieved from /opt/airflow/dags/first_dag.py
[2025-11-14T18:29:09.519+0000] {logging_mixin.py:188} INFO - [2025-11-14T18:29:09.519+0000] {dag.py:3089} INFO - Sync 1 DAGs
[2025-11-14T18:29:09.536+0000] {logging_mixin.py:188} INFO - [2025-11-14T18:29:09.536+0000] {dag.py:3947} INFO - Setting next_dagrun for first_dag to 2025-11-14 00:00:00+00:00, run_after=2025-11-15 00:00:00+00:00
[2025-11-14T18:29:09.550+0000] {processor.py:183} INFO - Processing /opt/airflow/dags/first_dag.py took 0.069 seconds
[2025-11-14T18:29:39.726+0000] {processor.py:161} INFO - Started process (PID=550) to work on /opt/airflow/dags/first_dag.py
[2025-11-14T18:29:39.728+0000] {processor.py:830} INFO - Processing file /opt/airflow/dags/first_dag.py for tasks to queue
[2025-11-14T18:29:39.731+0000] {logging_mixin.py:188} INFO - [2025-11-14T18:29:39.730+0000] {dagbag.py:545} INFO - Filling up the DagBag from /opt/airflow/dags/first_dag.py
[2025-11-14T18:29:39.743+0000] {processor.py:840} INFO - DAG(s) 'first_dag' retrieved from /opt/airflow/dags/first_dag.py
[2025-11-14T18:29:39.764+0000] {logging_mixin.py:188} INFO - [2025-11-14T18:29:39.764+0000] {dag.py:3089} INFO - Sync 1 DAGs
[2025-11-14T18:29:39.782+0000] {logging_mixin.py:188} INFO - [2025-11-14T18:29:39.781+0000] {dag.py:3947} INFO - Setting next_dagrun for first_dag to 2025-11-14 00:00:00+00:00, run_after=2025-11-15 00:00:00+00:00
[2025-11-14T18:29:39.795+0000] {processor.py:183} INFO - Processing /opt/airflow/dags/first_dag.py took 0.082 seconds
[2025-11-14T18:30:09.980+0000] {processor.py:161} INFO - Started process (PID=560) to work on /opt/airflow/dags/first_dag.py
[2025-11-14T18:30:09.981+0000] {processor.py:830} INFO - Processing file /opt/airflow/dags/first_dag.py for tasks to queue
[2025-11-14T18:30:09.984+0000] {logging_mixin.py:188} INFO - [2025-11-14T18:30:09.983+0000] {dagbag.py:545} INFO - Filling up the DagBag from /opt/airflow/dags/first_dag.py
[2025-11-14T18:30:09.992+0000] {processor.py:840} INFO - DAG(s) 'first_dag' retrieved from /opt/airflow/dags/first_dag.py
[2025-11-14T18:30:10.014+0000] {logging_mixin.py:188} INFO - [2025-11-14T18:30:10.014+0000] {dag.py:3089} INFO - Sync 1 DAGs
[2025-11-14T18:30:10.031+0000] {logging_mixin.py:188} INFO - [2025-11-14T18:30:10.031+0000] {dag.py:3947} INFO - Setting next_dagrun for first_dag to 2025-11-14 00:00:00+00:00, run_after=2025-11-15 00:00:00+00:00
[2025-11-14T18:30:10.046+0000] {processor.py:183} INFO - Processing /opt/airflow/dags/first_dag.py took 0.077 seconds
[2025-11-14T18:30:40.228+0000] {processor.py:161} INFO - Started process (PID=570) to work on /opt/airflow/dags/first_dag.py
[2025-11-14T18:30:40.229+0000] {processor.py:830} INFO - Processing file /opt/airflow/dags/first_dag.py for tasks to queue
[2025-11-14T18:30:40.232+0000] {logging_mixin.py:188} INFO - [2025-11-14T18:30:40.232+0000] {dagbag.py:545} INFO - Filling up the DagBag from /opt/airflow/dags/first_dag.py
[2025-11-14T18:30:40.244+0000] {processor.py:840} INFO - DAG(s) 'first_dag' retrieved from /opt/airflow/dags/first_dag.py
[2025-11-14T18:30:40.272+0000] {logging_mixin.py:188} INFO - [2025-11-14T18:30:40.271+0000] {dag.py:3089} INFO - Sync 1 DAGs
[2025-11-14T18:30:40.290+0000] {logging_mixin.py:188} INFO - [2025-11-14T18:30:40.290+0000] {dag.py:3947} INFO - Setting next_dagrun for first_dag to 2025-11-14 00:00:00+00:00, run_after=2025-11-15 00:00:00+00:00
[2025-11-14T18:30:40.305+0000] {processor.py:183} INFO - Processing /opt/airflow/dags/first_dag.py took 0.091 seconds
[2025-11-14T18:31:10.492+0000] {processor.py:161} INFO - Started process (PID=580) to work on /opt/airflow/dags/first_dag.py
[2025-11-14T18:31:10.494+0000] {processor.py:830} INFO - Processing file /opt/airflow/dags/first_dag.py for tasks to queue
[2025-11-14T18:31:10.497+0000] {logging_mixin.py:188} INFO - [2025-11-14T18:31:10.496+0000] {dagbag.py:545} INFO - Filling up the DagBag from /opt/airflow/dags/first_dag.py
[2025-11-14T18:31:10.507+0000] {processor.py:840} INFO - DAG(s) 'first_dag' retrieved from /opt/airflow/dags/first_dag.py
[2025-11-14T18:31:10.528+0000] {logging_mixin.py:188} INFO - [2025-11-14T18:31:10.528+0000] {dag.py:3089} INFO - Sync 1 DAGs
[2025-11-14T18:31:10.546+0000] {logging_mixin.py:188} INFO - [2025-11-14T18:31:10.546+0000] {dag.py:3947} INFO - Setting next_dagrun for first_dag to 2025-11-14 00:00:00+00:00, run_after=2025-11-15 00:00:00+00:00
[2025-11-14T18:31:10.561+0000] {processor.py:183} INFO - Processing /opt/airflow/dags/first_dag.py took 0.081 seconds
[2025-11-14T18:31:40.769+0000] {processor.py:161} INFO - Started process (PID=590) to work on /opt/airflow/dags/first_dag.py
[2025-11-14T18:31:40.769+0000] {processor.py:830} INFO - Processing file /opt/airflow/dags/first_dag.py for tasks to queue
[2025-11-14T18:31:40.771+0000] {logging_mixin.py:188} INFO - [2025-11-14T18:31:40.771+0000] {dagbag.py:545} INFO - Filling up the DagBag from /opt/airflow/dags/first_dag.py
[2025-11-14T18:31:40.779+0000] {processor.py:840} INFO - DAG(s) 'first_dag' retrieved from /opt/airflow/dags/first_dag.py
[2025-11-14T18:31:40.801+0000] {logging_mixin.py:188} INFO - [2025-11-14T18:31:40.801+0000] {dag.py:3089} INFO - Sync 1 DAGs
[2025-11-14T18:31:40.819+0000] {logging_mixin.py:188} INFO - [2025-11-14T18:31:40.818+0000] {dag.py:3947} INFO - Setting next_dagrun for first_dag to 2025-11-14 00:00:00+00:00, run_after=2025-11-15 00:00:00+00:00
[2025-11-14T18:31:40.833+0000] {processor.py:183} INFO - Processing /opt/airflow/dags/first_dag.py took 0.069 seconds
[2025-11-14T18:32:11.005+0000] {processor.py:161} INFO - Started process (PID=600) to work on /opt/airflow/dags/first_dag.py
[2025-11-14T18:32:11.006+0000] {processor.py:830} INFO - Processing file /opt/airflow/dags/first_dag.py for tasks to queue
[2025-11-14T18:32:11.008+0000] {logging_mixin.py:188} INFO - [2025-11-14T18:32:11.007+0000] {dagbag.py:545} INFO - Filling up the DagBag from /opt/airflow/dags/first_dag.py
[2025-11-14T18:32:11.016+0000] {processor.py:840} INFO - DAG(s) 'first_dag' retrieved from /opt/airflow/dags/first_dag.py
[2025-11-14T18:32:11.038+0000] {logging_mixin.py:188} INFO - [2025-11-14T18:32:11.038+0000] {dag.py:3089} INFO - Sync 1 DAGs
[2025-11-14T18:32:11.055+0000] {logging_mixin.py:188} INFO - [2025-11-14T18:32:11.054+0000] {dag.py:3947} INFO - Setting next_dagrun for first_dag to 2025-11-14 00:00:00+00:00, run_after=2025-11-15 00:00:00+00:00
[2025-11-14T18:32:11.069+0000] {processor.py:183} INFO - Processing /opt/airflow/dags/first_dag.py took 0.069 seconds
[2025-11-14T18:32:41.238+0000] {processor.py:161} INFO - Started process (PID=610) to work on /opt/airflow/dags/first_dag.py
[2025-11-14T18:32:41.239+0000] {processor.py:830} INFO - Processing file /opt/airflow/dags/first_dag.py for tasks to queue
[2025-11-14T18:32:41.241+0000] {logging_mixin.py:188} INFO - [2025-11-14T18:32:41.240+0000] {dagbag.py:545} INFO - Filling up the DagBag from /opt/airflow/dags/first_dag.py
[2025-11-14T18:32:41.249+0000] {processor.py:840} INFO - DAG(s) 'first_dag' retrieved from /opt/airflow/dags/first_dag.py
[2025-11-14T18:32:41.270+0000] {logging_mixin.py:188} INFO - [2025-11-14T18:32:41.270+0000] {dag.py:3089} INFO - Sync 1 DAGs
[2025-11-14T18:32:41.287+0000] {logging_mixin.py:188} INFO - [2025-11-14T18:32:41.287+0000] {dag.py:3947} INFO - Setting next_dagrun for first_dag to 2025-11-14 00:00:00+00:00, run_after=2025-11-15 00:00:00+00:00
[2025-11-14T18:32:41.303+0000] {processor.py:183} INFO - Processing /opt/airflow/dags/first_dag.py took 0.072 seconds
